
## source template install for instantiation uninstall
$ dotnet new uninstall "/home/developer/projects/FS-Skia-UI"
Success: /home/developer/projects/FS-Skia-UI was uninstalled.

exit-code=0

## source template install for instantiation
$ dotnet new install "/home/developer/projects/FS-Skia-UI"
The following template packages will be installed:
   /home/developer/projects/FS-Skia-UI

Warning: 
The following templates use the same identity 'FS.Skia.UI.Template':
  • 'FS Skia UI Governed Project' from 'FS.Skia.UI.Template@0.1.0-preview.1'
  • 'FS Skia UI Governed Project' from '/home/developer/projects/FS-Skia-UI'
The template from 'FS Skia UI Governed Project' will be used. To resolve this conflict, uninstall the conflicting template packages.
Success: /home/developer/projects/FS-Skia-UI installed the following templates:
Template Name                Short Name  Language  Tags                   
---------------------------  ----------  --------  -----------------------
FS Skia UI Governed Project  fs-skia-ui            F#/Skia/Elmish/Template


exit-code=0

## package template install for instantiation uninstall
$ dotnet new uninstall "FS.Skia.UI.Template"
Success: FS.Skia.UI.Template@0.1.0-preview.1 was uninstalled.

exit-code=0

## package template install for instantiation
$ dotnet new install "/home/developer/projects/FS-Skia-UI/artifacts/templates/FS.Skia.UI.Template.0.1.0-preview.1.nupkg"
The following template packages will be installed:
   /home/developer/projects/FS-Skia-UI/artifacts/templates/FS.Skia.UI.Template.0.1.0-preview.1.nupkg

Warning: 
The following templates use the same identity 'FS.Skia.UI.Template':
  • 'FS Skia UI Governed Project' from '/home/developer/projects/FS-Skia-UI'
  • 'FS Skia UI Governed Project' from 'FS.Skia.UI.Template@0.1.0-preview.1'
The template from 'FS Skia UI Governed Project' will be used. To resolve this conflict, uninstall the conflicting template packages.
Success: FS.Skia.UI.Template@0.1.0-preview.1 installed the following templates:
Template Name                Short Name  Language  Tags                   
---------------------------  ----------  --------  -----------------------
FS Skia UI Governed Project  fs-skia-ui            F#/Skia/Elmish/Template


exit-code=0

Generated rows:
- source/default: `/home/developer/projects/FS-Skia-UI/artifacts/template-check/007-v2-template-packaging/source-default`
- source/minimal: `/home/developer/projects/FS-Skia-UI/artifacts/template-check/007-v2-template-packaging/source-minimal`
- package/default: `/home/developer/projects/FS-Skia-UI/artifacts/template-check/007-v2-template-packaging/package-default`
- package/minimal: `/home/developer/projects/FS-Skia-UI/artifacts/template-check/007-v2-template-packaging/package-minimal`

## source template install for instantiation uninstall
$ dotnet new uninstall "/home/developer/projects/FS-Skia-UI"
Success: /home/developer/projects/FS-Skia-UI was uninstalled.

exit-code=0

## source template install for instantiation
$ dotnet new install "/home/developer/projects/FS-Skia-UI"
The following template packages will be installed:
   /home/developer/projects/FS-Skia-UI

Warning: 
The following templates use the same identity 'FS.Skia.UI.Template':
  • 'FS Skia UI Governed Project' from 'FS.Skia.UI.Template@0.1.0-preview.1'
  • 'FS Skia UI Governed Project' from '/home/developer/projects/FS-Skia-UI'
The template from 'FS Skia UI Governed Project' will be used. To resolve this conflict, uninstall the conflicting template packages.
Success: /home/developer/projects/FS-Skia-UI installed the following templates:
Template Name                Short Name  Language  Tags                   
---------------------------  ----------  --------  -----------------------
FS Skia UI Governed Project  fs-skia-ui            F#/Skia/Elmish/Template


exit-code=0

## package template install for instantiation uninstall
$ dotnet new uninstall "FS.Skia.UI.Template"
Success: FS.Skia.UI.Template@0.1.0-preview.1 was uninstalled.

exit-code=0

## package template install for instantiation
$ dotnet new install "/home/developer/projects/FS-Skia-UI/artifacts/templates/FS.Skia.UI.Template.0.1.0-preview.1.nupkg"
The following template packages will be installed:
   /home/developer/projects/FS-Skia-UI/artifacts/templates/FS.Skia.UI.Template.0.1.0-preview.1.nupkg

Warning: 
The following templates use the same identity 'FS.Skia.UI.Template':
  • 'FS Skia UI Governed Project' from '/home/developer/projects/FS-Skia-UI'
  • 'FS Skia UI Governed Project' from 'FS.Skia.UI.Template@0.1.0-preview.1'
The template from 'FS Skia UI Governed Project' will be used. To resolve this conflict, uninstall the conflicting template packages.
Success: FS.Skia.UI.Template@0.1.0-preview.1 installed the following templates:
Template Name                Short Name  Language  Tags                   
---------------------------  ----------  --------  -----------------------
FS Skia UI Governed Project  fs-skia-ui            F#/Skia/Elmish/Template


exit-code=0

Generated rows:
- source/default: `/home/developer/projects/FS-Skia-UI/artifacts/template-check/007-v2-template-packaging/source-default`
- source/minimal: `/home/developer/projects/FS-Skia-UI/artifacts/template-check/007-v2-template-packaging/source-minimal`
- package/default: `/home/developer/projects/FS-Skia-UI/artifacts/template-check/007-v2-template-packaging/package-default`
- package/minimal: `/home/developer/projects/FS-Skia-UI/artifacts/template-check/007-v2-template-packaging/package-minimal`

## source template install for instantiation uninstall
$ dotnet new uninstall "/home/developer/projects/FS-Skia-UI"
Success: /home/developer/projects/FS-Skia-UI was uninstalled.

exit-code=0

## source template install for instantiation
$ dotnet new install "/home/developer/projects/FS-Skia-UI"
The following template packages will be installed:
   /home/developer/projects/FS-Skia-UI

Warning: 
The following templates use the same identity 'FS.Skia.UI.Template':
  • 'FS Skia UI Governed Project' from 'FS.Skia.UI.Template@0.1.0-preview.1'
  • 'FS Skia UI Governed Project' from '/home/developer/projects/FS-Skia-UI'
The template from 'FS Skia UI Governed Project' will be used. To resolve this conflict, uninstall the conflicting template packages.
Success: /home/developer/projects/FS-Skia-UI installed the following templates:
Template Name                Short Name  Language  Tags                   
---------------------------  ----------  --------  -----------------------
FS Skia UI Governed Project  fs-skia-ui            F#/Skia/Elmish/Template


exit-code=0

## package template install for instantiation uninstall
$ dotnet new uninstall "FS.Skia.UI.Template"
Success: FS.Skia.UI.Template@0.1.0-preview.1 was uninstalled.

exit-code=0

## package template install for instantiation
$ dotnet new install "/home/developer/projects/FS-Skia-UI/artifacts/templates/FS.Skia.UI.Template.0.1.0-preview.1.nupkg"
The following template packages will be installed:
   /home/developer/projects/FS-Skia-UI/artifacts/templates/FS.Skia.UI.Template.0.1.0-preview.1.nupkg

Warning: 
The following templates use the same identity 'FS.Skia.UI.Template':
  • 'FS Skia UI Governed Project' from '/home/developer/projects/FS-Skia-UI'
  • 'FS Skia UI Governed Project' from 'FS.Skia.UI.Template@0.1.0-preview.1'
The template from 'FS Skia UI Governed Project' will be used. To resolve this conflict, uninstall the conflicting template packages.
Success: FS.Skia.UI.Template@0.1.0-preview.1 installed the following templates:
Template Name                Short Name  Language  Tags                   
---------------------------  ----------  --------  -----------------------
FS Skia UI Governed Project  fs-skia-ui            F#/Skia/Elmish/Template


exit-code=0

Generated rows:
- source/default: `/home/developer/projects/FS-Skia-UI/artifacts/template-check/007-v2-template-packaging/source-default`
- source/minimal: `/home/developer/projects/FS-Skia-UI/artifacts/template-check/007-v2-template-packaging/source-minimal`
- package/default: `/home/developer/projects/FS-Skia-UI/artifacts/template-check/007-v2-template-packaging/package-default`
- package/minimal: `/home/developer/projects/FS-Skia-UI/artifacts/template-check/007-v2-template-packaging/package-minimal`

## source template install for instantiation uninstall
$ dotnet new uninstall "/home/developer/projects/FS-Skia-UI"
Success: /home/developer/projects/FS-Skia-UI was uninstalled.

exit-code=0

## source template install for instantiation
$ dotnet new install "/home/developer/projects/FS-Skia-UI"
The following template packages will be installed:
   /home/developer/projects/FS-Skia-UI

Warning: 
The following templates use the same identity 'FS.Skia.UI.Template':
  • 'FS Skia UI Governed Project' from 'FS.Skia.UI.Template@0.1.0-preview.1'
  • 'FS Skia UI Governed Project' from '/home/developer/projects/FS-Skia-UI'
The template from 'FS Skia UI Governed Project' will be used. To resolve this conflict, uninstall the conflicting template packages.
Success: /home/developer/projects/FS-Skia-UI installed the following templates:
Template Name                Short Name  Language  Tags                   
---------------------------  ----------  --------  -----------------------
FS Skia UI Governed Project  fs-skia-ui            F#/Skia/Elmish/Template


exit-code=0

## package template install for instantiation uninstall
$ dotnet new uninstall "FS.Skia.UI.Template"
Success: FS.Skia.UI.Template@0.1.0-preview.1 was uninstalled.

exit-code=0

## package template install for instantiation
$ dotnet new install "/home/developer/projects/FS-Skia-UI/artifacts/templates/FS.Skia.UI.Template.0.1.0-preview.1.nupkg"
The following template packages will be installed:
   /home/developer/projects/FS-Skia-UI/artifacts/templates/FS.Skia.UI.Template.0.1.0-preview.1.nupkg

Warning: 
The following templates use the same identity 'FS.Skia.UI.Template':
  • 'FS Skia UI Governed Project' from '/home/developer/projects/FS-Skia-UI'
  • 'FS Skia UI Governed Project' from 'FS.Skia.UI.Template@0.1.0-preview.1'
The template from 'FS Skia UI Governed Project' will be used. To resolve this conflict, uninstall the conflicting template packages.
Success: FS.Skia.UI.Template@0.1.0-preview.1 installed the following templates:
Template Name                Short Name  Language  Tags                   
---------------------------  ----------  --------  -----------------------
FS Skia UI Governed Project  fs-skia-ui            F#/Skia/Elmish/Template


exit-code=0

Generated rows:
- source/default: `/home/developer/projects/FS-Skia-UI/artifacts/template-check/007-v2-template-packaging/source-default`
- source/minimal: `/home/developer/projects/FS-Skia-UI/artifacts/template-check/007-v2-template-packaging/source-minimal`
- package/default: `/home/developer/projects/FS-Skia-UI/artifacts/template-check/007-v2-template-packaging/package-default`
- package/minimal: `/home/developer/projects/FS-Skia-UI/artifacts/template-check/007-v2-template-packaging/package-minimal`

## source template install for instantiation uninstall
$ dotnet new uninstall "/home/developer/projects/FS-Skia-UI"
Success: /home/developer/projects/FS-Skia-UI was uninstalled.

exit-code=0

## source template install for instantiation
$ dotnet new install "/home/developer/projects/FS-Skia-UI"
The following template packages will be installed:
   /home/developer/projects/FS-Skia-UI

Warning: 
The following templates use the same identity 'FS.Skia.UI.Template':
  • 'FS Skia UI Governed Project' from 'FS.Skia.UI.Template@0.1.0-preview.1'
  • 'FS Skia UI Governed Project' from '/home/developer/projects/FS-Skia-UI'
The template from 'FS Skia UI Governed Project' will be used. To resolve this conflict, uninstall the conflicting template packages.
Success: /home/developer/projects/FS-Skia-UI installed the following templates:
Template Name                Short Name  Language  Tags                   
---------------------------  ----------  --------  -----------------------
FS Skia UI Governed Project  fs-skia-ui            F#/Skia/Elmish/Template


exit-code=0

## package template install for instantiation uninstall
$ dotnet new uninstall "FS.Skia.UI.Template"
Success: FS.Skia.UI.Template@0.1.0-preview.1 was uninstalled.

exit-code=0

## package template install for instantiation
$ dotnet new install "/home/developer/projects/FS-Skia-UI/artifacts/templates/FS.Skia.UI.Template.0.1.0-preview.1.nupkg"
The following template packages will be installed:
   /home/developer/projects/FS-Skia-UI/artifacts/templates/FS.Skia.UI.Template.0.1.0-preview.1.nupkg

Warning: 
The following templates use the same identity 'FS.Skia.UI.Template':
  • 'FS Skia UI Governed Project' from '/home/developer/projects/FS-Skia-UI'
  • 'FS Skia UI Governed Project' from 'FS.Skia.UI.Template@0.1.0-preview.1'
The template from 'FS Skia UI Governed Project' will be used. To resolve this conflict, uninstall the conflicting template packages.
Success: FS.Skia.UI.Template@0.1.0-preview.1 installed the following templates:
Template Name                Short Name  Language  Tags                   
---------------------------  ----------  --------  -----------------------
FS Skia UI Governed Project  fs-skia-ui            F#/Skia/Elmish/Template


exit-code=0

Generated rows:
- source/default: `/home/developer/projects/FS-Skia-UI/artifacts/template-check/007-v2-template-packaging/source-default`
- source/minimal: `/home/developer/projects/FS-Skia-UI/artifacts/template-check/007-v2-template-packaging/source-minimal`
- package/default: `/home/developer/projects/FS-Skia-UI/artifacts/template-check/007-v2-template-packaging/package-default`
- package/minimal: `/home/developer/projects/FS-Skia-UI/artifacts/template-check/007-v2-template-packaging/package-minimal`

## source template install for instantiation uninstall
$ dotnet new uninstall "/home/developer/projects/FS-Skia-UI"
Success: /home/developer/projects/FS-Skia-UI was uninstalled.

exit-code=0

## source template install for instantiation
$ dotnet new install "/home/developer/projects/FS-Skia-UI"
The following template packages will be installed:
   /home/developer/projects/FS-Skia-UI

Warning: 
The following templates use the same identity 'FS.Skia.UI.Template':
  • 'FS Skia UI Governed Project' from 'FS.Skia.UI.Template@0.1.0-preview.1'
  • 'FS Skia UI Governed Project' from '/home/developer/projects/FS-Skia-UI'
The template from 'FS Skia UI Governed Project' will be used. To resolve this conflict, uninstall the conflicting template packages.
Success: /home/developer/projects/FS-Skia-UI installed the following templates:
Template Name                Short Name  Language  Tags                   
---------------------------  ----------  --------  -----------------------
FS Skia UI Governed Project  fs-skia-ui            F#/Skia/Elmish/Template


exit-code=0

## package template install for instantiation uninstall
$ dotnet new uninstall "FS.Skia.UI.Template"
Success: FS.Skia.UI.Template@0.1.0-preview.1 was uninstalled.

exit-code=0

## package template install for instantiation
$ dotnet new install "/home/developer/projects/FS-Skia-UI/artifacts/templates/FS.Skia.UI.Template.0.1.0-preview.1.nupkg"
The following template packages will be installed:
   /home/developer/projects/FS-Skia-UI/artifacts/templates/FS.Skia.UI.Template.0.1.0-preview.1.nupkg

Warning: 
The following templates use the same identity 'FS.Skia.UI.Template':
  • 'FS Skia UI Governed Project' from '/home/developer/projects/FS-Skia-UI'
  • 'FS Skia UI Governed Project' from 'FS.Skia.UI.Template@0.1.0-preview.1'
The template from 'FS Skia UI Governed Project' will be used. To resolve this conflict, uninstall the conflicting template packages.
Success: FS.Skia.UI.Template@0.1.0-preview.1 installed the following templates:
Template Name                Short Name  Language  Tags                   
---------------------------  ----------  --------  -----------------------
FS Skia UI Governed Project  fs-skia-ui            F#/Skia/Elmish/Template


exit-code=0

Generated rows:
- source/default: `/home/developer/projects/FS-Skia-UI/artifacts/template-check/007-v2-template-packaging/source-default`
- source/minimal: `/home/developer/projects/FS-Skia-UI/artifacts/template-check/007-v2-template-packaging/source-minimal`
- package/default: `/home/developer/projects/FS-Skia-UI/artifacts/template-check/007-v2-template-packaging/package-default`
- package/minimal: `/home/developer/projects/FS-Skia-UI/artifacts/template-check/007-v2-template-packaging/package-minimal`

## source template install for instantiation uninstall
$ dotnet new uninstall "/home/developer/projects/FS-Skia-UI"
The template package '/home/developer/projects/FS-Skia-UI' is not found.
To list installed template packages use:
   dotnet new uninstall


For details on the exit code, refer to https://aka.ms/templating-exit-codes#103

exit-code=103

## source template install for instantiation uninstall
$ dotnet new uninstall "FS.Skia.UI.Template"
Success: FS.Skia.UI.Template@0.1.0-preview.1 was uninstalled.

exit-code=0

## source template install for instantiation
$ dotnet new install "/home/developer/projects/FS-Skia-UI"
The following template packages will be installed:
   /home/developer/projects/FS-Skia-UI

Success: /home/developer/projects/FS-Skia-UI installed the following templates:
Template Name                Short Name  Language  Tags                   
---------------------------  ----------  --------  -----------------------
FS Skia UI Governed Project  fs-skia-ui            F#/Skia/Elmish/Template


exit-code=0

## package template install for instantiation uninstall
$ dotnet new uninstall "/home/developer/projects/FS-Skia-UI"
Success: /home/developer/projects/FS-Skia-UI was uninstalled.

exit-code=0

## package template install for instantiation uninstall
$ dotnet new uninstall "FS.Skia.UI.Template"
The template package 'FS.Skia.UI.Template' is not found.
To list installed template packages use:
   dotnet new uninstall


For details on the exit code, refer to https://aka.ms/templating-exit-codes#103

exit-code=103

## package template install for instantiation
$ dotnet new install "/home/developer/projects/FS-Skia-UI/artifacts/templates/FS.Skia.UI.Template.0.1.0-preview.1.nupkg"
The following template packages will be installed:
   /home/developer/projects/FS-Skia-UI/artifacts/templates/FS.Skia.UI.Template.0.1.0-preview.1.nupkg

Success: FS.Skia.UI.Template@0.1.0-preview.1 installed the following templates:
Template Name                Short Name  Language  Tags                   
---------------------------  ----------  --------  -----------------------
FS Skia UI Governed Project  fs-skia-ui            F#/Skia/Elmish/Template


exit-code=0

Generated rows:
- source/default: `/home/developer/projects/FS-Skia-UI/artifacts/template-check/007-v2-template-packaging/source-default`
- source/minimal: `/home/developer/projects/FS-Skia-UI/artifacts/template-check/007-v2-template-packaging/source-minimal`
- package/default: `/home/developer/projects/FS-Skia-UI/artifacts/template-check/007-v2-template-packaging/package-default`
- package/minimal: `/home/developer/projects/FS-Skia-UI/artifacts/template-check/007-v2-template-packaging/package-minimal`

## source template install for instantiation uninstall
$ dotnet new uninstall "/home/developer/projects/FS-Skia-UI"
The template package '/home/developer/projects/FS-Skia-UI' is not found.
To list installed template packages use:
   dotnet new uninstall


For details on the exit code, refer to https://aka.ms/templating-exit-codes#103

exit-code=103

## source template install for instantiation uninstall
$ dotnet new uninstall "FS.Skia.UI.Template"
Success: FS.Skia.UI.Template@0.1.0-preview.1 was uninstalled.

exit-code=0

## source template install for instantiation
$ dotnet new install "/home/developer/projects/FS-Skia-UI"
The following template packages will be installed:
   /home/developer/projects/FS-Skia-UI

Success: /home/developer/projects/FS-Skia-UI installed the following templates:
Template Name                Short Name  Language  Tags                   
---------------------------  ----------  --------  -----------------------
FS Skia UI Governed Project  fs-skia-ui            F#/Skia/Elmish/Template


exit-code=0

## package template install for instantiation uninstall
$ dotnet new uninstall "/home/developer/projects/FS-Skia-UI"
Success: /home/developer/projects/FS-Skia-UI was uninstalled.

exit-code=0

## package template install for instantiation uninstall
$ dotnet new uninstall "FS.Skia.UI.Template"
The template package 'FS.Skia.UI.Template' is not found.
To list installed template packages use:
   dotnet new uninstall


For details on the exit code, refer to https://aka.ms/templating-exit-codes#103

exit-code=103

## package template install for instantiation
$ dotnet new install "/home/developer/projects/FS-Skia-UI/artifacts/templates/FS.Skia.UI.Template.0.1.0-preview.1.nupkg"
The following template packages will be installed:
   /home/developer/projects/FS-Skia-UI/artifacts/templates/FS.Skia.UI.Template.0.1.0-preview.1.nupkg

Success: FS.Skia.UI.Template@0.1.0-preview.1 installed the following templates:
Template Name                Short Name  Language  Tags                   
---------------------------  ----------  --------  -----------------------
FS Skia UI Governed Project  fs-skia-ui            F#/Skia/Elmish/Template


exit-code=0

Generated rows:
- source/default: `/home/developer/projects/FS-Skia-UI/artifacts/template-check/007-v2-template-packaging/source-default`
- source/minimal: `/home/developer/projects/FS-Skia-UI/artifacts/template-check/007-v2-template-packaging/source-minimal`
- package/default: `/home/developer/projects/FS-Skia-UI/artifacts/template-check/007-v2-template-packaging/package-default`
- package/minimal: `/home/developer/projects/FS-Skia-UI/artifacts/template-check/007-v2-template-packaging/package-minimal`

## source template install for instantiation uninstall
$ dotnet new uninstall "/home/developer/projects/FS-Skia-UI"
The template package '/home/developer/projects/FS-Skia-UI' is not found.
To list installed template packages use:
   dotnet new uninstall


For details on the exit code, refer to https://aka.ms/templating-exit-codes#103

exit-code=103

## source template install for instantiation uninstall
$ dotnet new uninstall "FS.Skia.UI.Template"
Success: FS.Skia.UI.Template@0.1.0-preview.1 was uninstalled.

exit-code=0

## source template install for instantiation
$ dotnet new install "/home/developer/projects/FS-Skia-UI"
The following template packages will be installed:
   /home/developer/projects/FS-Skia-UI

Success: /home/developer/projects/FS-Skia-UI installed the following templates:
Template Name                Short Name  Language  Tags                   
---------------------------  ----------  --------  -----------------------
FS Skia UI Governed Project  fs-skia-ui            F#/Skia/Elmish/Template


exit-code=0

## package template install for instantiation uninstall
$ dotnet new uninstall "/home/developer/projects/FS-Skia-UI"
Success: /home/developer/projects/FS-Skia-UI was uninstalled.

exit-code=0

## package template install for instantiation uninstall
$ dotnet new uninstall "FS.Skia.UI.Template"
The template package 'FS.Skia.UI.Template' is not found.
To list installed template packages use:
   dotnet new uninstall


For details on the exit code, refer to https://aka.ms/templating-exit-codes#103

exit-code=103

## package template install for instantiation
$ dotnet new install "/home/developer/projects/FS-Skia-UI/artifacts/templates/FS.Skia.UI.Template.0.1.0-preview.1.nupkg"
The following template packages will be installed:
   /home/developer/projects/FS-Skia-UI/artifacts/templates/FS.Skia.UI.Template.0.1.0-preview.1.nupkg

Success: FS.Skia.UI.Template@0.1.0-preview.1 installed the following templates:
Template Name                Short Name  Language  Tags                   
---------------------------  ----------  --------  -----------------------
FS Skia UI Governed Project  fs-skia-ui            F#/Skia/Elmish/Template


exit-code=0

Generated rows:
- source/default: `/home/developer/projects/FS-Skia-UI/artifacts/template-check/007-v2-template-packaging/source-default`
- source/minimal: `/home/developer/projects/FS-Skia-UI/artifacts/template-check/007-v2-template-packaging/source-minimal`
- package/default: `/home/developer/projects/FS-Skia-UI/artifacts/template-check/007-v2-template-packaging/package-default`
- package/minimal: `/home/developer/projects/FS-Skia-UI/artifacts/template-check/007-v2-template-packaging/package-minimal`

## source template install for instantiation uninstall
$ dotnet new uninstall "/home/developer/projects/FS-Skia-UI"
The template package '/home/developer/projects/FS-Skia-UI' is not found.
To list installed template packages use:
   dotnet new uninstall


For details on the exit code, refer to https://aka.ms/templating-exit-codes#103

exit-code=103

## source template install for instantiation uninstall
$ dotnet new uninstall "FS.Skia.UI.Template"
Success: FS.Skia.UI.Template@0.1.0-preview.1 was uninstalled.

exit-code=0

## source template install for instantiation
$ dotnet new install "/home/developer/projects/FS-Skia-UI"
The following template packages will be installed:
   /home/developer/projects/FS-Skia-UI

Success: /home/developer/projects/FS-Skia-UI installed the following templates:
Template Name                Short Name  Language  Tags                   
---------------------------  ----------  --------  -----------------------
FS Skia UI Governed Project  fs-skia-ui            F#/Skia/Elmish/Template


exit-code=0

## package template install for instantiation uninstall
$ dotnet new uninstall "/home/developer/projects/FS-Skia-UI"
Success: /home/developer/projects/FS-Skia-UI was uninstalled.

exit-code=0

## package template install for instantiation uninstall
$ dotnet new uninstall "FS.Skia.UI.Template"
The template package 'FS.Skia.UI.Template' is not found.
To list installed template packages use:
   dotnet new uninstall


For details on the exit code, refer to https://aka.ms/templating-exit-codes#103

exit-code=103

## package template install for instantiation
$ dotnet new install "/home/developer/projects/FS-Skia-UI/artifacts/templates/FS.Skia.UI.Template.0.1.0-preview.1.nupkg"
The following template packages will be installed:
   /home/developer/projects/FS-Skia-UI/artifacts/templates/FS.Skia.UI.Template.0.1.0-preview.1.nupkg

Success: FS.Skia.UI.Template@0.1.0-preview.1 installed the following templates:
Template Name                Short Name  Language  Tags                   
---------------------------  ----------  --------  -----------------------
FS Skia UI Governed Project  fs-skia-ui            F#/Skia/Elmish/Template


exit-code=0

Generated rows:
- source/default: `/home/developer/projects/FS-Skia-UI/artifacts/template-check/007-v2-template-packaging/source-default`
- source/minimal: `/home/developer/projects/FS-Skia-UI/artifacts/template-check/007-v2-template-packaging/source-minimal`
- package/default: `/home/developer/projects/FS-Skia-UI/artifacts/template-check/007-v2-template-packaging/package-default`
- package/minimal: `/home/developer/projects/FS-Skia-UI/artifacts/template-check/007-v2-template-packaging/package-minimal`

## source template install for instantiation uninstall
$ dotnet new uninstall "/home/developer/projects/FS-Skia-UI"
The template package '/home/developer/projects/FS-Skia-UI' is not found.
To list installed template packages use:
   dotnet new uninstall


For details on the exit code, refer to https://aka.ms/templating-exit-codes#103

exit-code=103

## source template install for instantiation uninstall
$ dotnet new uninstall "FS.Skia.UI.Template"
Success: FS.Skia.UI.Template@0.1.0-preview.1 was uninstalled.

exit-code=0

## source template install for instantiation
$ dotnet new install "/home/developer/projects/FS-Skia-UI"
The following template packages will be installed:
   /home/developer/projects/FS-Skia-UI

Success: /home/developer/projects/FS-Skia-UI installed the following templates:
Template Name                Short Name  Language  Tags                   
---------------------------  ----------  --------  -----------------------
FS Skia UI Governed Project  fs-skia-ui            F#/Skia/Elmish/Template


exit-code=0

## package template install for instantiation uninstall
$ dotnet new uninstall "/home/developer/projects/FS-Skia-UI"
Success: /home/developer/projects/FS-Skia-UI was uninstalled.

exit-code=0

## package template install for instantiation uninstall
$ dotnet new uninstall "FS.Skia.UI.Template"
The template package 'FS.Skia.UI.Template' is not found.
To list installed template packages use:
   dotnet new uninstall


For details on the exit code, refer to https://aka.ms/templating-exit-codes#103

exit-code=103

## package template install for instantiation
$ dotnet new install "/home/developer/projects/FS-Skia-UI/artifacts/templates/FS.Skia.UI.Template.0.1.0-preview.1.nupkg"
The following template packages will be installed:
   /home/developer/projects/FS-Skia-UI/artifacts/templates/FS.Skia.UI.Template.0.1.0-preview.1.nupkg

Success: FS.Skia.UI.Template@0.1.0-preview.1 installed the following templates:
Template Name                Short Name  Language  Tags                   
---------------------------  ----------  --------  -----------------------
FS Skia UI Governed Project  fs-skia-ui            F#/Skia/Elmish/Template


exit-code=0

Generated rows:
- source/default: `/home/developer/projects/FS-Skia-UI/artifacts/template-check/007-v2-template-packaging/source-default`
- source/minimal: `/home/developer/projects/FS-Skia-UI/artifacts/template-check/007-v2-template-packaging/source-minimal`
- package/default: `/home/developer/projects/FS-Skia-UI/artifacts/template-check/007-v2-template-packaging/package-default`
- package/minimal: `/home/developer/projects/FS-Skia-UI/artifacts/template-check/007-v2-template-packaging/package-minimal`

## source template install for instantiation uninstall
$ dotnet new uninstall "/home/developer/projects/FS-Skia-UI"
The template package '/home/developer/projects/FS-Skia-UI' is not found.
To list installed template packages use:
   dotnet new uninstall


For details on the exit code, refer to https://aka.ms/templating-exit-codes#103

exit-code=103

## source template install for instantiation uninstall
$ dotnet new uninstall "FS.Skia.UI.Template"
Success: FS.Skia.UI.Template@0.1.0-preview.1 was uninstalled.

exit-code=0

## source template install for instantiation
$ dotnet new install "/home/developer/projects/FS-Skia-UI"
The following template packages will be installed:
   /home/developer/projects/FS-Skia-UI

Success: /home/developer/projects/FS-Skia-UI installed the following templates:
Template Name                Short Name  Language  Tags                   
---------------------------  ----------  --------  -----------------------
FS Skia UI Governed Project  fs-skia-ui            F#/Skia/Elmish/Template


exit-code=0

## package template install for instantiation uninstall
$ dotnet new uninstall "/home/developer/projects/FS-Skia-UI"
Success: /home/developer/projects/FS-Skia-UI was uninstalled.

exit-code=0

## package template install for instantiation uninstall
$ dotnet new uninstall "FS.Skia.UI.Template"
The template package 'FS.Skia.UI.Template' is not found.
To list installed template packages use:
   dotnet new uninstall


For details on the exit code, refer to https://aka.ms/templating-exit-codes#103

exit-code=103

## package template install for instantiation
$ dotnet new install "/home/developer/projects/FS-Skia-UI/artifacts/templates/FS.Skia.UI.Template.0.1.0-preview.1.nupkg"
The following template packages will be installed:
   /home/developer/projects/FS-Skia-UI/artifacts/templates/FS.Skia.UI.Template.0.1.0-preview.1.nupkg

Success: FS.Skia.UI.Template@0.1.0-preview.1 installed the following templates:
Template Name                Short Name  Language  Tags                   
---------------------------  ----------  --------  -----------------------
FS Skia UI Governed Project  fs-skia-ui            F#/Skia/Elmish/Template


exit-code=0

Generated rows:
- source/default: `/home/developer/projects/FS-Skia-UI/artifacts/template-check/007-v2-template-packaging/source-default`
- source/minimal: `/home/developer/projects/FS-Skia-UI/artifacts/template-check/007-v2-template-packaging/source-minimal`
- package/default: `/home/developer/projects/FS-Skia-UI/artifacts/template-check/007-v2-template-packaging/package-default`
- package/minimal: `/home/developer/projects/FS-Skia-UI/artifacts/template-check/007-v2-template-packaging/package-minimal`

## source template install for instantiation uninstall
$ dotnet new uninstall "/home/developer/projects/FS-Skia-UI"
The template package '/home/developer/projects/FS-Skia-UI' is not found.
To list installed template packages use:
   dotnet new uninstall


For details on the exit code, refer to https://aka.ms/templating-exit-codes#103

exit-code=103

## source template install for instantiation uninstall
$ dotnet new uninstall "FS.Skia.UI.Template"
Success: FS.Skia.UI.Template@0.1.0-preview.1 was uninstalled.

exit-code=0

## source template install for instantiation
$ dotnet new install "/home/developer/projects/FS-Skia-UI"
The following template packages will be installed:
   /home/developer/projects/FS-Skia-UI

Success: /home/developer/projects/FS-Skia-UI installed the following templates:
Template Name                Short Name  Language  Tags                   
---------------------------  ----------  --------  -----------------------
FS Skia UI Governed Project  fs-skia-ui            F#/Skia/Elmish/Template


exit-code=0

## package template install for instantiation uninstall
$ dotnet new uninstall "/home/developer/projects/FS-Skia-UI"
Success: /home/developer/projects/FS-Skia-UI was uninstalled.

exit-code=0

## package template install for instantiation uninstall
$ dotnet new uninstall "FS.Skia.UI.Template"
The template package 'FS.Skia.UI.Template' is not found.
To list installed template packages use:
   dotnet new uninstall


For details on the exit code, refer to https://aka.ms/templating-exit-codes#103

exit-code=103

## package template install for instantiation
$ dotnet new install "/home/developer/projects/FS-Skia-UI/artifacts/templates/FS.Skia.UI.Template.0.1.0-preview.1.nupkg"
The following template packages will be installed:
   /home/developer/projects/FS-Skia-UI/artifacts/templates/FS.Skia.UI.Template.0.1.0-preview.1.nupkg

Success: FS.Skia.UI.Template@0.1.0-preview.1 installed the following templates:
Template Name                Short Name  Language  Tags                   
---------------------------  ----------  --------  -----------------------
FS Skia UI Governed Project  fs-skia-ui            F#/Skia/Elmish/Template


exit-code=0

Generated rows:
- source/default: `/home/developer/projects/FS-Skia-UI/artifacts/template-check/007-v2-template-packaging/source-default`
- source/minimal: `/home/developer/projects/FS-Skia-UI/artifacts/template-check/007-v2-template-packaging/source-minimal`
- package/default: `/home/developer/projects/FS-Skia-UI/artifacts/template-check/007-v2-template-packaging/package-default`
- package/minimal: `/home/developer/projects/FS-Skia-UI/artifacts/template-check/007-v2-template-packaging/package-minimal`

## source template install for instantiation uninstall
$ dotnet new uninstall "/home/developer/projects/FS-Skia-UI"
The template package '/home/developer/projects/FS-Skia-UI' is not found.
To list installed template packages use:
   dotnet new uninstall


For details on the exit code, refer to https://aka.ms/templating-exit-codes#103

exit-code=103

## source template install for instantiation uninstall
$ dotnet new uninstall "FS.Skia.UI.Template"
Success: FS.Skia.UI.Template@0.1.0-preview.1 was uninstalled.

exit-code=0

## source template install for instantiation
$ dotnet new install "/home/developer/projects/FS-Skia-UI"
The following template packages will be installed:
   /home/developer/projects/FS-Skia-UI

Success: /home/developer/projects/FS-Skia-UI installed the following templates:
Template Name                Short Name  Language  Tags                   
---------------------------  ----------  --------  -----------------------
FS Skia UI Governed Project  fs-skia-ui            F#/Skia/Elmish/Template


exit-code=0

## package template install for instantiation uninstall
$ dotnet new uninstall "/home/developer/projects/FS-Skia-UI"
Success: /home/developer/projects/FS-Skia-UI was uninstalled.

exit-code=0

## package template install for instantiation uninstall
$ dotnet new uninstall "FS.Skia.UI.Template"
The template package 'FS.Skia.UI.Template' is not found.
To list installed template packages use:
   dotnet new uninstall


For details on the exit code, refer to https://aka.ms/templating-exit-codes#103

exit-code=103

## package template install for instantiation
$ dotnet new install "/home/developer/projects/FS-Skia-UI/artifacts/templates/FS.Skia.UI.Template.0.1.0-preview.1.nupkg"
The following template packages will be installed:
   /home/developer/projects/FS-Skia-UI/artifacts/templates/FS.Skia.UI.Template.0.1.0-preview.1.nupkg

Success: FS.Skia.UI.Template@0.1.0-preview.1 installed the following templates:
Template Name                Short Name  Language  Tags                   
---------------------------  ----------  --------  -----------------------
FS Skia UI Governed Project  fs-skia-ui            F#/Skia/Elmish/Template


exit-code=0

Generated rows:
- source/default: `/home/developer/projects/FS-Skia-UI/artifacts/template-check/007-v2-template-packaging/source-default`
- source/minimal: `/home/developer/projects/FS-Skia-UI/artifacts/template-check/007-v2-template-packaging/source-minimal`
- package/default: `/home/developer/projects/FS-Skia-UI/artifacts/template-check/007-v2-template-packaging/package-default`
- package/minimal: `/home/developer/projects/FS-Skia-UI/artifacts/template-check/007-v2-template-packaging/package-minimal`

## source template install for instantiation uninstall
$ dotnet new uninstall "/home/developer/projects/FS-Skia-UI"
The template package '/home/developer/projects/FS-Skia-UI' is not found.
To list installed template packages use:
   dotnet new uninstall


For details on the exit code, refer to https://aka.ms/templating-exit-codes#103

exit-code=103

## source template install for instantiation uninstall
$ dotnet new uninstall "FS.Skia.UI.Template"
Success: FS.Skia.UI.Template@0.1.0-preview.1 was uninstalled.

exit-code=0

## source template install for instantiation
$ dotnet new install "/home/developer/projects/FS-Skia-UI"
The following template packages will be installed:
   /home/developer/projects/FS-Skia-UI

Success: /home/developer/projects/FS-Skia-UI installed the following templates:
Template Name                Short Name  Language  Tags                   
---------------------------  ----------  --------  -----------------------
FS Skia UI Governed Project  fs-skia-ui            F#/Skia/Elmish/Template


exit-code=0

## package template install for instantiation uninstall
$ dotnet new uninstall "/home/developer/projects/FS-Skia-UI"
Success: /home/developer/projects/FS-Skia-UI was uninstalled.

exit-code=0

## package template install for instantiation uninstall
$ dotnet new uninstall "FS.Skia.UI.Template"
The template package 'FS.Skia.UI.Template' is not found.
To list installed template packages use:
   dotnet new uninstall


For details on the exit code, refer to https://aka.ms/templating-exit-codes#103

exit-code=103

## package template install for instantiation
$ dotnet new install "/home/developer/projects/FS-Skia-UI/artifacts/templates/FS.Skia.UI.Template.0.1.0-preview.1.nupkg"
The following template packages will be installed:
   /home/developer/projects/FS-Skia-UI/artifacts/templates/FS.Skia.UI.Template.0.1.0-preview.1.nupkg

Success: FS.Skia.UI.Template@0.1.0-preview.1 installed the following templates:
Template Name                Short Name  Language  Tags                   
---------------------------  ----------  --------  -----------------------
FS Skia UI Governed Project  fs-skia-ui            F#/Skia/Elmish/Template


exit-code=0

Generated rows:
- source/default: `/home/developer/projects/FS-Skia-UI/artifacts/template-check/007-v2-template-packaging/source-default`
- source/minimal: `/home/developer/projects/FS-Skia-UI/artifacts/template-check/007-v2-template-packaging/source-minimal`
- package/default: `/home/developer/projects/FS-Skia-UI/artifacts/template-check/007-v2-template-packaging/package-default`
- package/minimal: `/home/developer/projects/FS-Skia-UI/artifacts/template-check/007-v2-template-packaging/package-minimal`

## source template install for instantiation uninstall
$ dotnet new uninstall "/home/developer/projects/FS-Skia-UI"
The template package '/home/developer/projects/FS-Skia-UI' is not found.
To list installed template packages use:
   dotnet new uninstall


For details on the exit code, refer to https://aka.ms/templating-exit-codes#103

exit-code=103

## source template install for instantiation uninstall
$ dotnet new uninstall "FS.Skia.UI.Template"
Success: FS.Skia.UI.Template@0.1.0-preview.1 was uninstalled.

exit-code=0

## source template install for instantiation
$ dotnet new install "/home/developer/projects/FS-Skia-UI"
The following template packages will be installed:
   /home/developer/projects/FS-Skia-UI

Success: /home/developer/projects/FS-Skia-UI installed the following templates:
Template Name                Short Name  Language  Tags                   
---------------------------  ----------  --------  -----------------------
FS Skia UI Governed Project  fs-skia-ui            F#/Skia/Elmish/Template


exit-code=0

## package template install for instantiation uninstall
$ dotnet new uninstall "/home/developer/projects/FS-Skia-UI"
Success: /home/developer/projects/FS-Skia-UI was uninstalled.

exit-code=0

## package template install for instantiation uninstall
$ dotnet new uninstall "FS.Skia.UI.Template"
The template package 'FS.Skia.UI.Template' is not found.
To list installed template packages use:
   dotnet new uninstall


For details on the exit code, refer to https://aka.ms/templating-exit-codes#103

exit-code=103

## package template install for instantiation
$ dotnet new install "/home/developer/projects/FS-Skia-UI/artifacts/templates/FS.Skia.UI.Template.0.1.0-preview.1.nupkg"
The following template packages will be installed:
   /home/developer/projects/FS-Skia-UI/artifacts/templates/FS.Skia.UI.Template.0.1.0-preview.1.nupkg

Success: FS.Skia.UI.Template@0.1.0-preview.1 installed the following templates:
Template Name                Short Name  Language  Tags                   
---------------------------  ----------  --------  -----------------------
FS Skia UI Governed Project  fs-skia-ui            F#/Skia/Elmish/Template


exit-code=0

Generated rows:
- source/default: `/home/developer/projects/FS-Skia-UI/artifacts/template-check/007-v2-template-packaging/source-default`
- source/minimal: `/home/developer/projects/FS-Skia-UI/artifacts/template-check/007-v2-template-packaging/source-minimal`
- package/default: `/home/developer/projects/FS-Skia-UI/artifacts/template-check/007-v2-template-packaging/package-default`
- package/minimal: `/home/developer/projects/FS-Skia-UI/artifacts/template-check/007-v2-template-packaging/package-minimal`

## source template install for instantiation uninstall
$ dotnet new uninstall "/home/developer/projects/FS-Skia-UI"
The template package '/home/developer/projects/FS-Skia-UI' is not found.
To list installed template packages use:
   dotnet new uninstall


For details on the exit code, refer to https://aka.ms/templating-exit-codes#103

exit-code=103

## source template install for instantiation uninstall
$ dotnet new uninstall "FS.Skia.UI.Template"
Success: FS.Skia.UI.Template@0.1.0-preview.1 was uninstalled.

exit-code=0

## source template install for instantiation
$ dotnet new install "/home/developer/projects/FS-Skia-UI"
The following template packages will be installed:
   /home/developer/projects/FS-Skia-UI

Success: /home/developer/projects/FS-Skia-UI installed the following templates:
Template Name                Short Name  Language  Tags                   
---------------------------  ----------  --------  -----------------------
FS Skia UI Governed Project  fs-skia-ui            F#/Skia/Elmish/Template


exit-code=0

## package template install for instantiation uninstall
$ dotnet new uninstall "/home/developer/projects/FS-Skia-UI"
Success: /home/developer/projects/FS-Skia-UI was uninstalled.

exit-code=0

## package template install for instantiation uninstall
$ dotnet new uninstall "FS.Skia.UI.Template"
The template package 'FS.Skia.UI.Template' is not found.
To list installed template packages use:
   dotnet new uninstall


For details on the exit code, refer to https://aka.ms/templating-exit-codes#103

exit-code=103

## package template install for instantiation
$ dotnet new install "/home/developer/projects/FS-Skia-UI/artifacts/templates/FS.Skia.UI.Template.0.1.0-preview.1.nupkg"
The following template packages will be installed:
   /home/developer/projects/FS-Skia-UI/artifacts/templates/FS.Skia.UI.Template.0.1.0-preview.1.nupkg

Success: FS.Skia.UI.Template@0.1.0-preview.1 installed the following templates:
Template Name                Short Name  Language  Tags                   
---------------------------  ----------  --------  -----------------------
FS Skia UI Governed Project  fs-skia-ui            F#/Skia/Elmish/Template


exit-code=0

Generated rows:
- source/default: `/home/developer/projects/FS-Skia-UI/artifacts/template-check/007-v2-template-packaging/source-default`
- source/minimal: `/home/developer/projects/FS-Skia-UI/artifacts/template-check/007-v2-template-packaging/source-minimal`
- package/default: `/home/developer/projects/FS-Skia-UI/artifacts/template-check/007-v2-template-packaging/package-default`
- package/minimal: `/home/developer/projects/FS-Skia-UI/artifacts/template-check/007-v2-template-packaging/package-minimal`

## source template install for instantiation uninstall
$ dotnet new uninstall "/home/developer/projects/FS-Skia-UI"
The template package '/home/developer/projects/FS-Skia-UI' is not found.
To list installed template packages use:
   dotnet new uninstall


For details on the exit code, refer to https://aka.ms/templating-exit-codes#103

exit-code=103

## source template install for instantiation uninstall
$ dotnet new uninstall "FS.Skia.UI.Template"
Success: FS.Skia.UI.Template@0.1.0-preview.1 was uninstalled.

exit-code=0

## source template install for instantiation
$ dotnet new install "/home/developer/projects/FS-Skia-UI"
The following template packages will be installed:
   /home/developer/projects/FS-Skia-UI

Success: /home/developer/projects/FS-Skia-UI installed the following templates:
Template Name                Short Name  Language  Tags                   
---------------------------  ----------  --------  -----------------------
FS Skia UI Governed Project  fs-skia-ui            F#/Skia/Elmish/Template


exit-code=0

## package template install for instantiation uninstall
$ dotnet new uninstall "/home/developer/projects/FS-Skia-UI"
Success: /home/developer/projects/FS-Skia-UI was uninstalled.

exit-code=0

## package template install for instantiation uninstall
$ dotnet new uninstall "FS.Skia.UI.Template"
The template package 'FS.Skia.UI.Template' is not found.
To list installed template packages use:
   dotnet new uninstall


For details on the exit code, refer to https://aka.ms/templating-exit-codes#103

exit-code=103

## package template install for instantiation
$ dotnet new install "/home/developer/projects/FS-Skia-UI/artifacts/templates/FS.Skia.UI.Template.0.1.0-preview.1.nupkg"
The following template packages will be installed:
   /home/developer/projects/FS-Skia-UI/artifacts/templates/FS.Skia.UI.Template.0.1.0-preview.1.nupkg

Success: FS.Skia.UI.Template@0.1.0-preview.1 installed the following templates:
Template Name                Short Name  Language  Tags                   
---------------------------  ----------  --------  -----------------------
FS Skia UI Governed Project  fs-skia-ui            F#/Skia/Elmish/Template


exit-code=0

Generated rows:
- source/default: `/home/developer/projects/FS-Skia-UI/artifacts/template-check/007-v2-template-packaging/source-default`
- source/minimal: `/home/developer/projects/FS-Skia-UI/artifacts/template-check/007-v2-template-packaging/source-minimal`
- package/default: `/home/developer/projects/FS-Skia-UI/artifacts/template-check/007-v2-template-packaging/package-default`
- package/minimal: `/home/developer/projects/FS-Skia-UI/artifacts/template-check/007-v2-template-packaging/package-minimal`

## source template install for instantiation uninstall
$ dotnet new uninstall "/home/developer/projects/FS-Skia-UI"
The template package '/home/developer/projects/FS-Skia-UI' is not found.
To list installed template packages use:
   dotnet new uninstall


For details on the exit code, refer to https://aka.ms/templating-exit-codes#103

exit-code=103

## source template install for instantiation uninstall
$ dotnet new uninstall "FS.Skia.UI.Template"
Success: FS.Skia.UI.Template@0.1.0-preview.1 was uninstalled.

exit-code=0

## source template install for instantiation
$ dotnet new install "/home/developer/projects/FS-Skia-UI"
The following template packages will be installed:
   /home/developer/projects/FS-Skia-UI

Success: /home/developer/projects/FS-Skia-UI installed the following templates:
Template Name                Short Name  Language  Tags                   
---------------------------  ----------  --------  -----------------------
FS Skia UI Governed Project  fs-skia-ui            F#/Skia/Elmish/Template


exit-code=0

## package template install for instantiation uninstall
$ dotnet new uninstall "/home/developer/projects/FS-Skia-UI"
Success: /home/developer/projects/FS-Skia-UI was uninstalled.

exit-code=0

## package template install for instantiation uninstall
$ dotnet new uninstall "FS.Skia.UI.Template"
The template package 'FS.Skia.UI.Template' is not found.
To list installed template packages use:
   dotnet new uninstall


For details on the exit code, refer to https://aka.ms/templating-exit-codes#103

exit-code=103

## package template install for instantiation
$ dotnet new install "/home/developer/projects/FS-Skia-UI/artifacts/templates/FS.Skia.UI.Template.0.1.0-preview.1.nupkg"
The following template packages will be installed:
   /home/developer/projects/FS-Skia-UI/artifacts/templates/FS.Skia.UI.Template.0.1.0-preview.1.nupkg

Success: FS.Skia.UI.Template@0.1.0-preview.1 installed the following templates:
Template Name                Short Name  Language  Tags                   
---------------------------  ----------  --------  -----------------------
FS Skia UI Governed Project  fs-skia-ui            F#/Skia/Elmish/Template


exit-code=0

Generated rows:
- source/default: `/home/developer/projects/FS-Skia-UI/artifacts/template-check/007-v2-template-packaging/source-default`
- source/minimal: `/home/developer/projects/FS-Skia-UI/artifacts/template-check/007-v2-template-packaging/source-minimal`
- package/default: `/home/developer/projects/FS-Skia-UI/artifacts/template-check/007-v2-template-packaging/package-default`
- package/minimal: `/home/developer/projects/FS-Skia-UI/artifacts/template-check/007-v2-template-packaging/package-minimal`
