
## template package
$ dotnet pack .template.package/FS.Skia.UI.Template.fsproj -c Release -o "/home/developer/projects/FS-Skia-UI/artifacts/templates"
  Determining projects to restore...
  Restored /home/developer/projects/FS-Skia-UI/.template.package/FS.Skia.UI.Template.fsproj (in 38 ms).
  FS.Skia.UI.Template -> /home/developer/projects/FS-Skia-UI/.template.package/bin/Release/net10.0/FS.Skia.UI.Template.dll
/home/developer/.dotnet/sdk/10.0.300/NuGet.Build.Tasks.Pack.targets(222,5): error NU5119: Warning As Error: File '/home/developer/projects/FS-Skia-UI/.fake/build.fsx/paket-files/.gitignore' was not added to the package. Files and folders starting with '.' or ending with '.nupkg' are excluded by default. To include this file, use -NoDefaultExcludes from the commandline [/home/developer/projects/FS-Skia-UI/.template.package/FS.Skia.UI.Template.fsproj]
/home/developer/.dotnet/sdk/10.0.300/NuGet.Build.Tasks.Pack.targets(222,5): error NU5119: Warning As Error: File '/home/developer/projects/FS-Skia-UI/.gitignore' was not added to the package. Files and folders starting with '.' or ending with '.nupkg' are excluded by default. To include this file, use -NoDefaultExcludes from the commandline [/home/developer/projects/FS-Skia-UI/.template.package/FS.Skia.UI.Template.fsproj]
/home/developer/.dotnet/sdk/10.0.300/NuGet.Build.Tasks.Pack.targets(222,5): error NU5119: Warning As Error: File '/home/developer/projects/FS-Skia-UI/.specify/extensions/.registry' was not added to the package. Files and folders starting with '.' or ending with '.nupkg' are excluded by default. To include this file, use -NoDefaultExcludes from the commandline [/home/developer/projects/FS-Skia-UI/.template.package/FS.Skia.UI.Template.fsproj]
/home/developer/.dotnet/sdk/10.0.300/NuGet.Build.Tasks.Pack.targets(222,5): error NU5119: Warning As Error: File '/home/developer/projects/FS-Skia-UI/.specify/presets/.registry' was not added to the package. Files and folders starting with '.' or ending with '.nupkg' are excluded by default. To include this file, use -NoDefaultExcludes from the commandline [/home/developer/projects/FS-Skia-UI/.template.package/FS.Skia.UI.Template.fsproj]
/home/developer/.dotnet/sdk/10.0.300/NuGet.Build.Tasks.Pack.targets(222,5): error NU5100: Warning As Error: The assembly 'content/.fake/build.fsx/build_D8EE3E3A2425B64C896AD861CC76B5BF1AC954096CCAD956F8E2D598213DF7A2.dll' is not inside the 'lib' folder and hence it won't be added as a reference when the package is installed into a project. Move it into the 'lib' folder if it needs to be referenced. [/home/developer/projects/FS-Skia-UI/.template.package/FS.Skia.UI.Template.fsproj]
/home/developer/.dotnet/sdk/10.0.300/NuGet.Build.Tasks.Pack.targets(222,5): error NU5100: Warning As Error: The assembly 'content/.fake/build.fsx/build_F41614AAFAD01493E48D0FC124E8B50C230B4248B75B4ED1EA018699444B108D.dll' is not inside the 'lib' folder and hence it won't be added as a reference when the package is installed into a project. Move it into the 'lib' folder if it needs to be referenced. [/home/developer/projects/FS-Skia-UI/.template.package/FS.Skia.UI.Template.fsproj]
/home/developer/.dotnet/sdk/10.0.300/NuGet.Build.Tasks.Pack.targets(222,5): error NU5110: Warning As Error: The script file 'content/.specify/extensions/git/scripts/powershell/auto-commit.ps1' is outside the 'tools' folder and hence will not be executed during installation of this package. Move it into the 'tools' folder. [/home/developer/projects/FS-Skia-UI/.template.package/FS.Skia.UI.Template.fsproj]
/home/developer/.dotnet/sdk/10.0.300/NuGet.Build.Tasks.Pack.targets(222,5): error NU5110: Warning As Error: The script file 'content/.specify/extensions/git/scripts/powershell/create-new-feature.ps1' is outside the 'tools' folder and hence will not be executed during installation of this package. Move it into the 'tools' folder. [/home/developer/projects/FS-Skia-UI/.template.package/FS.Skia.UI.Template.fsproj]
/home/developer/.dotnet/sdk/10.0.300/NuGet.Build.Tasks.Pack.targets(222,5): error NU5110: Warning As Error: The script file 'content/.specify/extensions/git/scripts/powershell/git-common.ps1' is outside the 'tools' folder and hence will not be executed during installation of this package. Move it into the 'tools' folder. [/home/developer/projects/FS-Skia-UI/.template.package/FS.Skia.UI.Template.fsproj]
/home/developer/.dotnet/sdk/10.0.300/NuGet.Build.Tasks.Pack.targets(222,5): error NU5110: Warning As Error: The script file 'content/.specify/extensions/git/scripts/powershell/initialize-repo.ps1' is outside the 'tools' folder and hence will not be executed during installation of this package. Move it into the 'tools' folder. [/home/developer/projects/FS-Skia-UI/.template.package/FS.Skia.UI.Template.fsproj]
/home/developer/.dotnet/sdk/10.0.300/NuGet.Build.Tasks.Pack.targets(222,5): error NU5111: Warning As Error: The script file 'content/.specify/extensions/git/scripts/powershell/auto-commit.ps1' is not recognized by NuGet and hence will not be executed during installation of this package. Rename it to install.ps1, uninstall.ps1 or init.ps1 and place it directly under 'tools'. [/home/developer/projects/FS-Skia-UI/.template.package/FS.Skia.UI.Template.fsproj]
/home/developer/.dotnet/sdk/10.0.300/NuGet.Build.Tasks.Pack.targets(222,5): error NU5111: Warning As Error: The script file 'content/.specify/extensions/git/scripts/powershell/create-new-feature.ps1' is not recognized by NuGet and hence will not be executed during installation of this package. Rename it to install.ps1, uninstall.ps1 or init.ps1 and place it directly under 'tools'. [/home/developer/projects/FS-Skia-UI/.template.package/FS.Skia.UI.Template.fsproj]
/home/developer/.dotnet/sdk/10.0.300/NuGet.Build.Tasks.Pack.targets(222,5): error NU5111: Warning As Error: The script file 'content/.specify/extensions/git/scripts/powershell/git-common.ps1' is not recognized by NuGet and hence will not be executed during installation of this package. Rename it to install.ps1, uninstall.ps1 or init.ps1 and place it directly under 'tools'. [/home/developer/projects/FS-Skia-UI/.template.package/FS.Skia.UI.Template.fsproj]
/home/developer/.dotnet/sdk/10.0.300/NuGet.Build.Tasks.Pack.targets(222,5): error NU5111: Warning As Error: The script file 'content/.specify/extensions/git/scripts/powershell/initialize-repo.ps1' is not recognized by NuGet and hence will not be executed during installation of this package. Rename it to install.ps1, uninstall.ps1 or init.ps1 and place it directly under 'tools'. [/home/developer/projects/FS-Skia-UI/.template.package/FS.Skia.UI.Template.fsproj]
  The package FS.Skia.UI.Template.0.1.0-preview.1 is missing a readme. Go to https://aka.ms/nuget/authoring-best-practices/readme to learn why package readmes are important.

exit-code=1

## template package
$ dotnet pack .template.package/FS.Skia.UI.Template.fsproj -c Release -o "/home/developer/projects/FS-Skia-UI/artifacts/templates"
  Determining projects to restore...
  Restored /home/developer/projects/FS-Skia-UI/.template.package/FS.Skia.UI.Template.fsproj (in 48 ms).
  FS.Skia.UI.Template -> /home/developer/projects/FS-Skia-UI/.template.package/bin/Release/net10.0/FS.Skia.UI.Template.dll
  The package FS.Skia.UI.Template.0.1.0-preview.1 is missing a readme. Go to https://aka.ms/nuget/authoring-best-practices/readme to learn why package readmes are important.
  Successfully created package '/home/developer/projects/FS-Skia-UI/artifacts/templates/FS.Skia.UI.Template.0.1.0-preview.1.nupkg'.

exit-code=0

## template package
$ dotnet pack .template.package/FS.Skia.UI.Template.fsproj -c Release -o "/home/developer/projects/FS-Skia-UI/artifacts/templates"
  Determining projects to restore...
  All projects are up-to-date for restore.
  FS.Skia.UI.Template -> /home/developer/projects/FS-Skia-UI/.template.package/bin/Release/net10.0/FS.Skia.UI.Template.dll
  The package FS.Skia.UI.Template.0.1.0-preview.1 is missing a readme. Go to https://aka.ms/nuget/authoring-best-practices/readme to learn why package readmes are important.
  Successfully created package '/home/developer/projects/FS-Skia-UI/artifacts/templates/FS.Skia.UI.Template.0.1.0-preview.1.nupkg'.

exit-code=0

## template package
$ dotnet pack .template.package/FS.Skia.UI.Template.fsproj -c Release -o "/home/developer/projects/FS-Skia-UI/artifacts/templates"
  Determining projects to restore...
  All projects are up-to-date for restore.
  FS.Skia.UI.Template -> /home/developer/projects/FS-Skia-UI/.template.package/bin/Release/net10.0/FS.Skia.UI.Template.dll
  The package FS.Skia.UI.Template.0.1.0-preview.1 is missing a readme. Go to https://aka.ms/nuget/authoring-best-practices/readme to learn why package readmes are important.
  Successfully created package '/home/developer/projects/FS-Skia-UI/artifacts/templates/FS.Skia.UI.Template.0.1.0-preview.1.nupkg'.

exit-code=0

## template package
$ dotnet pack .template.package/FS.Skia.UI.Template.fsproj -c Release -o "/home/developer/projects/FS-Skia-UI/artifacts/templates"
  Determining projects to restore...
  Restored /home/developer/projects/FS-Skia-UI/.template.package/FS.Skia.UI.Template.fsproj (in 120 ms).
  FS.Skia.UI.Template -> /home/developer/projects/FS-Skia-UI/.template.package/bin/Release/net10.0/FS.Skia.UI.Template.dll
  The package FS.Skia.UI.Template.0.1.0-preview.1 is missing a readme. Go to https://aka.ms/nuget/authoring-best-practices/readme to learn why package readmes are important.
  Successfully created package '/home/developer/projects/FS-Skia-UI/artifacts/templates/FS.Skia.UI.Template.0.1.0-preview.1.nupkg'.

exit-code=0

## template package
$ dotnet pack .template.package/FS.Skia.UI.Template.fsproj -c Release -o "/home/developer/projects/FS-Skia-UI/artifacts/templates"
  Determining projects to restore...
  All projects are up-to-date for restore.
  FS.Skia.UI.Template -> /home/developer/projects/FS-Skia-UI/.template.package/bin/Release/net10.0/FS.Skia.UI.Template.dll
  The package FS.Skia.UI.Template.0.1.0-preview.1 is missing a readme. Go to https://aka.ms/nuget/authoring-best-practices/readme to learn why package readmes are important.
  Successfully created package '/home/developer/projects/FS-Skia-UI/artifacts/templates/FS.Skia.UI.Template.0.1.0-preview.1.nupkg'.

exit-code=0

## template package
$ dotnet pack .template.package/FS.Skia.UI.Template.fsproj -c Release -o "/home/developer/projects/FS-Skia-UI/artifacts/templates"
  Determining projects to restore...
  All projects are up-to-date for restore.
  FS.Skia.UI.Template -> /home/developer/projects/FS-Skia-UI/.template.package/bin/Release/net10.0/FS.Skia.UI.Template.dll
  The package FS.Skia.UI.Template.0.1.0-preview.1 is missing a readme. Go to https://aka.ms/nuget/authoring-best-practices/readme to learn why package readmes are important.
  Successfully created package '/home/developer/projects/FS-Skia-UI/artifacts/templates/FS.Skia.UI.Template.0.1.0-preview.1.nupkg'.

exit-code=0

## template package
$ dotnet pack .template.package/FS.Skia.UI.Template.fsproj -c Release -o "/home/developer/projects/FS-Skia-UI/artifacts/templates"
  Determining projects to restore...
  All projects are up-to-date for restore.
  FS.Skia.UI.Template -> /home/developer/projects/FS-Skia-UI/.template.package/bin/Release/net10.0/FS.Skia.UI.Template.dll
  The package FS.Skia.UI.Template.0.1.0-preview.1 is missing a readme. Go to https://aka.ms/nuget/authoring-best-practices/readme to learn why package readmes are important.
  Successfully created package '/home/developer/projects/FS-Skia-UI/artifacts/templates/FS.Skia.UI.Template.0.1.0-preview.1.nupkg'.

exit-code=0

## template package
$ dotnet pack .template.package/FS.Skia.UI.Template.fsproj -c Release -o "/home/developer/projects/FS-Skia-UI/artifacts/templates"
  Determining projects to restore...
  All projects are up-to-date for restore.
  FS.Skia.UI.Template -> /home/developer/projects/FS-Skia-UI/.template.package/bin/Release/net10.0/FS.Skia.UI.Template.dll
  The package FS.Skia.UI.Template.0.1.0-preview.1 is missing a readme. Go to https://aka.ms/nuget/authoring-best-practices/readme to learn why package readmes are important.
  Successfully created package '/home/developer/projects/FS-Skia-UI/artifacts/templates/FS.Skia.UI.Template.0.1.0-preview.1.nupkg'.

exit-code=0

## template package
$ dotnet pack .template.package/FS.Skia.UI.Template.fsproj -c Release -o "/home/developer/projects/FS-Skia-UI/artifacts/templates"
  Determining projects to restore...
  All projects are up-to-date for restore.
  FS.Skia.UI.Template -> /home/developer/projects/FS-Skia-UI/.template.package/bin/Release/net10.0/FS.Skia.UI.Template.dll
  The package FS.Skia.UI.Template.0.1.0-preview.1 is missing a readme. Go to https://aka.ms/nuget/authoring-best-practices/readme to learn why package readmes are important.
  Successfully created package '/home/developer/projects/FS-Skia-UI/artifacts/templates/FS.Skia.UI.Template.0.1.0-preview.1.nupkg'.

exit-code=0

## template package
$ dotnet pack .template.package/FS.Skia.UI.Template.fsproj -c Release -o "/home/developer/projects/FS-Skia-UI/artifacts/templates"
  Determining projects to restore...
  All projects are up-to-date for restore.
  FS.Skia.UI.Template -> /home/developer/projects/FS-Skia-UI/.template.package/bin/Release/net10.0/FS.Skia.UI.Template.dll
  The package FS.Skia.UI.Template.0.1.0-preview.1 is missing a readme. Go to https://aka.ms/nuget/authoring-best-practices/readme to learn why package readmes are important.
  Successfully created package '/home/developer/projects/FS-Skia-UI/artifacts/templates/FS.Skia.UI.Template.0.1.0-preview.1.nupkg'.

exit-code=0

## template package
$ dotnet pack .template.package/FS.Skia.UI.Template.fsproj -c Release -o "/home/developer/projects/FS-Skia-UI/artifacts/templates"
  Determining projects to restore...
  All projects are up-to-date for restore.
  FS.Skia.UI.Template -> /home/developer/projects/FS-Skia-UI/.template.package/bin/Release/net10.0/FS.Skia.UI.Template.dll
  The package FS.Skia.UI.Template.0.1.0-preview.1 is missing a readme. Go to https://aka.ms/nuget/authoring-best-practices/readme to learn why package readmes are important.
  Successfully created package '/home/developer/projects/FS-Skia-UI/artifacts/templates/FS.Skia.UI.Template.0.1.0-preview.1.nupkg'.

exit-code=0

## template package
$ dotnet pack .template.package/FS.Skia.UI.Template.fsproj -c Release -o "/home/developer/projects/FS-Skia-UI/artifacts/templates"
  Determining projects to restore...
  All projects are up-to-date for restore.
  FS.Skia.UI.Template -> /home/developer/projects/FS-Skia-UI/.template.package/bin/Release/net10.0/FS.Skia.UI.Template.dll
  The package FS.Skia.UI.Template.0.1.0-preview.1 is missing a readme. Go to https://aka.ms/nuget/authoring-best-practices/readme to learn why package readmes are important.
  Successfully created package '/home/developer/projects/FS-Skia-UI/artifacts/templates/FS.Skia.UI.Template.0.1.0-preview.1.nupkg'.

exit-code=0

## template package
$ dotnet pack .template.package/FS.Skia.UI.Template.fsproj -c Release -o "/home/developer/projects/FS-Skia-UI/artifacts/templates"
  Determining projects to restore...
  All projects are up-to-date for restore.
  FS.Skia.UI.Template -> /home/developer/projects/FS-Skia-UI/.template.package/bin/Release/net10.0/FS.Skia.UI.Template.dll
  The package FS.Skia.UI.Template.0.1.0-preview.1 is missing a readme. Go to https://aka.ms/nuget/authoring-best-practices/readme to learn why package readmes are important.
  Successfully created package '/home/developer/projects/FS-Skia-UI/artifacts/templates/FS.Skia.UI.Template.0.1.0-preview.1.nupkg'.

exit-code=0

## template package
$ dotnet pack .template.package/FS.Skia.UI.Template.fsproj -c Release -o "/home/developer/projects/FS-Skia-UI/artifacts/templates"
  Determining projects to restore...
  All projects are up-to-date for restore.
  FS.Skia.UI.Template -> /home/developer/projects/FS-Skia-UI/.template.package/bin/Release/net10.0/FS.Skia.UI.Template.dll
  The package FS.Skia.UI.Template.0.1.0-preview.1 is missing a readme. Go to https://aka.ms/nuget/authoring-best-practices/readme to learn why package readmes are important.
  Successfully created package '/home/developer/projects/FS-Skia-UI/artifacts/templates/FS.Skia.UI.Template.0.1.0-preview.1.nupkg'.

exit-code=0

## template package
$ dotnet pack .template.package/FS.Skia.UI.Template.fsproj -c Release -o "/home/developer/projects/FS-Skia-UI/artifacts/templates"
  Determining projects to restore...
  All projects are up-to-date for restore.
  FS.Skia.UI.Template -> /home/developer/projects/FS-Skia-UI/.template.package/bin/Release/net10.0/FS.Skia.UI.Template.dll
  The package FS.Skia.UI.Template.0.1.0-preview.1 is missing a readme. Go to https://aka.ms/nuget/authoring-best-practices/readme to learn why package readmes are important.
  Successfully created package '/home/developer/projects/FS-Skia-UI/artifacts/templates/FS.Skia.UI.Template.0.1.0-preview.1.nupkg'.

exit-code=0

## template package
$ dotnet pack .template.package/FS.Skia.UI.Template.fsproj -c Release -o "/home/developer/projects/FS-Skia-UI/artifacts/templates"
  Determining projects to restore...
  All projects are up-to-date for restore.
  FS.Skia.UI.Template -> /home/developer/projects/FS-Skia-UI/.template.package/bin/Release/net10.0/FS.Skia.UI.Template.dll

exit-code=0

## template package
$ dotnet pack .template.package/FS.Skia.UI.Template.fsproj -c Release -o "/home/developer/projects/FS-Skia-UI/artifacts/templates"
  Determining projects to restore...
  All projects are up-to-date for restore.
  FS.Skia.UI.Template -> /home/developer/projects/FS-Skia-UI/.template.package/bin/Release/net10.0/FS.Skia.UI.Template.dll

exit-code=0

## template package
$ dotnet pack .template.package/FS.Skia.UI.Template.fsproj -c Release -o "/home/developer/projects/FS-Skia-UI/artifacts/templates"
  Determining projects to restore...
  All projects are up-to-date for restore.
  FS.Skia.UI.Template -> /home/developer/projects/FS-Skia-UI/.template.package/bin/Release/net10.0/FS.Skia.UI.Template.dll

exit-code=0

## template package
$ dotnet pack .template.package/FS.Skia.UI.Template.fsproj -c Release -o "/home/developer/projects/FS-Skia-UI/artifacts/templates"
  Determining projects to restore...
  All projects are up-to-date for restore.
  FS.Skia.UI.Template -> /home/developer/projects/FS-Skia-UI/.template.package/bin/Release/net10.0/FS.Skia.UI.Template.dll
  The package FS.Skia.UI.Template.0.1.0-preview.1 is missing a readme. Go to https://aka.ms/nuget/authoring-best-practices/readme to learn why package readmes are important.
  Successfully created package '/home/developer/projects/FS-Skia-UI/artifacts/templates/FS.Skia.UI.Template.0.1.0-preview.1.nupkg'.

exit-code=0

## template package
$ dotnet pack .template.package/FS.Skia.UI.Template.fsproj -c Release -o "/home/developer/projects/FS-Skia-UI/artifacts/templates"
  Determining projects to restore...
  All projects are up-to-date for restore.
  FS.Skia.UI.Template -> /home/developer/projects/FS-Skia-UI/.template.package/bin/Release/net10.0/FS.Skia.UI.Template.dll

exit-code=0
