The last full restore is still up to date. Nothing left to do.
run EvidenceAudit
Building project with version: LocalBuild
Shortened DependencyGraph for Target EvidenceAudit:
<== EvidenceAudit
   <== EvidenceGraph

The running order is:
Group - 1
  - EvidenceGraph
Group - 2
  - EvidenceAudit
Starting target 'EvidenceGraph'
Finished (Success) 'EvidenceGraph' in 00:00:00.1218782
Starting target 'EvidenceAudit'
Finished (Success) 'EvidenceAudit' in 00:00:01.0670562

---------------------------------------------------------------------
Build Time Report
---------------------------------------------------------------------
Target          Duration
------          --------
EvidenceGraph   00:00:00.1194482
EvidenceAudit   00:00:01.0669901
Total:          00:00:01.2637181
Status:         Ok
---------------------------------------------------------------------
Hint: The fake-runner has not been updated for at least 6 months. Please consider upgrading to get latest bugfixes, improved suggestions and F# features.
Performance:
 - Cli parsing: 183 milliseconds
 - Packages: 60 milliseconds
 - Script analyzing: 18 milliseconds
 - Script running: 1 second
 - Script cleanup: 0 milliseconds
 - Runtime: 2 seconds
