The last full restore is still up to date. Nothing left to do.
run GeneratedProductCheck
Building project with version: LocalBuild
Shortened DependencyGraph for Target GeneratedProductCheck:
<== GeneratedProductCheck
   <== CapabilityCheck
   <== SkillCheck

The running order is:
Group - 1
  - CapabilityCheck
Group - 2
  - SkillCheck
Group - 3
  - GeneratedProductCheck
Starting target 'CapabilityCheck'
Finished (Success) 'CapabilityCheck' in 00:00:00.0238874
Starting target 'SkillCheck'
Finished (Success) 'SkillCheck' in 00:00:00.0059565
Starting target 'GeneratedProductCheck'
Finished (Success) 'GeneratedProductCheck' in 00:02:18.4095778

---------------------------------------------------------------------
Build Time Report
---------------------------------------------------------------------
Target                  Duration
------                  --------
CapabilityCheck         00:00:00.0218439
SkillCheck              00:00:00.0059079
GeneratedProductCheck   00:02:18.4095483
Total:                  00:02:18.5079611
Status:                 Ok
---------------------------------------------------------------------
Hint: The fake-runner has not been updated for at least 6 months. Please consider upgrading to get latest bugfixes, improved suggestions and F# features.
Performance:
 - Cli parsing: 173 milliseconds
 - Packages: 53 milliseconds
 - Script analyzing: 21 milliseconds
 - Script running: 2 minutes, 18 seconds
 - Script cleanup: 0 milliseconds
 - Runtime: 2 minutes, 19 seconds
