The last full restore is still up to date. Nothing left to do.
run GeneratedGuidanceCheck
Building project with version: LocalBuild
Shortened DependencyGraph for Target GeneratedGuidanceCheck:
<== GeneratedGuidanceCheck

The running order is:
Group - 1
  - GeneratedGuidanceCheck
Starting target 'GeneratedGuidanceCheck'
Finished (Success) 'GeneratedGuidanceCheck' in 00:00:00.0402970

---------------------------------------------------------------------
Build Time Report
---------------------------------------------------------------------
Target                   Duration
------                   --------
GeneratedGuidanceCheck   00:00:00.0383413
Total:                   00:00:00.1067582
Status:                  Ok
---------------------------------------------------------------------
Hint: The fake-runner has not been updated for at least 6 months. Please consider upgrading to get latest bugfixes, improved suggestions and F# features.
Performance:
 - Cli parsing: 193 milliseconds
 - Packages: 69 milliseconds
 - Script analyzing: 18 milliseconds
 - Script running: 237 milliseconds
 - Script cleanup: 0 milliseconds
 - Runtime: 1 second
