The last full restore is still up to date. Nothing left to do.
run TemplateCheck
Building project with version: LocalBuild
Shortened DependencyGraph for Target TemplateCheck:
<== TemplateCheck
   <== TemplatePack
   <== TemplateInstallSource
   <== TemplateInstallPackage
   <== TemplateInstantiate
   <== TemplateSmoke

The running order is:
Group - 1
  - TemplatePack
  - TemplateInstallSource
Group - 2
  - TemplateInstallPackage
Group - 3
  - TemplateInstantiate
Group - 4
  - TemplateSmoke
Group - 5
  - TemplateCheck
Starting target 'TemplatePack'
Finished (Success) 'TemplatePack' in 00:00:01.8462824
Starting target 'TemplateInstallSource'
Finished (Success) 'TemplateInstallSource' in 00:00:02.1582043
Starting target 'TemplateInstallPackage'
Finished (Success) 'TemplateInstallPackage' in 00:00:01.7089329
Starting target 'TemplateInstantiate'
Finished (Success) 'TemplateInstantiate' in 00:00:08.4054669
Starting target 'TemplateSmoke'
Finished (Success) 'TemplateSmoke' in 00:00:14.6145854
Starting target 'TemplateCheck'
Finished (Success) 'TemplateCheck' in 00:00:00.0043288

---------------------------------------------------------------------
Build Time Report
---------------------------------------------------------------------
Target                   Duration
------                   --------
TemplatePack             00:00:01.8442718
TemplateInstallSource    00:00:02.1581127
TemplateInstallPackage   00:00:01.7088730
TemplateInstantiate      00:00:08.4054364
TemplateSmoke            00:00:14.6145565
TemplateCheck            00:00:00.0043035
Total:                   00:00:28.8134711
Status:                  Ok
---------------------------------------------------------------------
Hint: The fake-runner has not been updated for at least 6 months. Please consider upgrading to get latest bugfixes, improved suggestions and F# features.
Performance:
 - Cli parsing: 164 milliseconds
 - Packages: 49 milliseconds
 - Script analyzing: 23 milliseconds
 - Script running: 28 seconds
 - Script cleanup: 0 milliseconds
 - Runtime: 29 seconds
