The last full restore is still up to date. Nothing left to do.
run TemplateCheck
Building project with version: LocalBuild
Shortened DependencyGraph for Target TemplateCheck:
<== TemplateCheck
   <== TemplatePack
   <== TemplateInstallSource
   <== TemplateInstallPackage
   <== TemplateInstantiate
   <== TemplateSmoke

The running order is:
Group - 1
  - TemplatePack
  - TemplateInstallSource
Group - 2
  - TemplateInstallPackage
Group - 3
  - TemplateInstantiate
Group - 4
  - TemplateSmoke
Group - 5
  - TemplateCheck
Starting target 'TemplatePack'
Finished (Success) 'TemplatePack' in 00:00:02.0310025
Starting target 'TemplateInstallSource'
Finished (Success) 'TemplateInstallSource' in 00:00:01.8886947
Starting target 'TemplateInstallPackage'
Finished (Success) 'TemplateInstallPackage' in 00:00:01.6097364
Starting target 'TemplateInstantiate'
Finished (Success) 'TemplateInstantiate' in 00:00:08.0678523
Starting target 'TemplateSmoke'
Finished (Success) 'TemplateSmoke' in 00:00:13.9182340
Starting target 'TemplateCheck'
Finished (Success) 'TemplateCheck' in 00:00:00.0045114

---------------------------------------------------------------------
Build Time Report
---------------------------------------------------------------------
Target                   Duration
------                   --------
TemplatePack             00:00:02.0290927
TemplateInstallSource    00:00:01.8886167
TemplateInstallPackage   00:00:01.6096807
TemplateInstantiate      00:00:08.0678226
TemplateSmoke            00:00:13.9182059
TemplateCheck            00:00:00.0044786
Total:                   00:00:27.5897327
Status:                  Ok
---------------------------------------------------------------------
Hint: The fake-runner has not been updated for at least 6 months. Please consider upgrading to get latest bugfixes, improved suggestions and F# features.
Performance:
 - Cli parsing: 162 milliseconds
 - Packages: 55 milliseconds
 - Script analyzing: 21 milliseconds
 - Script running: 27 seconds
 - Script cleanup: 0 milliseconds
 - Runtime: 28 seconds
