The last full restore is still up to date. Nothing left to do.
run TemplateDrift
Building project with version: LocalBuild
Shortened DependencyGraph for Target TemplateDrift:
<== TemplateDrift

The running order is:
Group - 1
  - TemplateDrift
Starting target 'TemplateDrift'
Finished (Success) 'TemplateDrift' in 00:00:02.0489726

---------------------------------------------------------------------
Build Time Report
---------------------------------------------------------------------
Target          Duration
------          --------
TemplateDrift   00:00:02.0470593
Total:          00:00:02.1237331
Status:         Ok
---------------------------------------------------------------------
Hint: The fake-runner has not been updated for at least 6 months. Please consider upgrading to get latest bugfixes, improved suggestions and F# features.
Performance:
 - Cli parsing: 166 milliseconds
 - Packages: 50 milliseconds
 - Script analyzing: 18 milliseconds
 - Script running: 2 seconds
 - Script cleanup: 0 milliseconds
 - Runtime: 3 seconds
