The last full restore is still up to date. Nothing left to do.
run TemplateCheck
Building project with version: LocalBuild
Shortened DependencyGraph for Target TemplateCheck:
<== TemplateCheck
   <== TemplatePack
   <== TemplateInstallSource
   <== TemplateInstallPackage
   <== TemplateInstantiate
   <== TemplateSmoke

The running order is:
Group - 1
  - TemplatePack
  - TemplateInstallSource
Group - 2
  - TemplateInstallPackage
Group - 3
  - TemplateInstantiate
Group - 4
  - TemplateSmoke
Group - 5
  - TemplateCheck
Starting target 'TemplatePack'
Finished (Success) 'TemplatePack' in 00:00:03.3202017
Starting target 'TemplateInstallSource'
Finished (Success) 'TemplateInstallSource' in 00:00:01.9387148
Starting target 'TemplateInstallPackage'
Finished (Success) 'TemplateInstallPackage' in 00:00:01.7841488
Starting target 'TemplateInstantiate'
Finished (Success) 'TemplateInstantiate' in 00:00:08.3368788
Starting target 'TemplateSmoke'
Finished (Success) 'TemplateSmoke' in 00:00:14.0000797
Starting target 'TemplateCheck'
Finished (Success) 'TemplateCheck' in 00:00:00.0049775

---------------------------------------------------------------------
Build Time Report
---------------------------------------------------------------------
Target                   Duration
------                   --------
TemplatePack             00:00:03.3107383
TemplateInstallSource    00:00:01.9386362
TemplateInstallPackage   00:00:01.7840864
TemplateInstantiate      00:00:08.3368491
TemplateSmoke            00:00:14.0000544
TemplateCheck            00:00:00.0049468
Total:                   00:00:29.4586040
Status:                  Ok
---------------------------------------------------------------------
Hint: The fake-runner has not been updated for at least 6 months. Please consider upgrading to get latest bugfixes, improved suggestions and F# features.
Performance:
 - Cli parsing: 164 milliseconds
 - Packages: 53 milliseconds
 - Script analyzing: 20 milliseconds
 - Script running: 29 seconds
 - Script cleanup: 0 milliseconds
 - Runtime: 30 seconds
