The last restore is still up to date. Nothing left to do.
Starting target 'TemplatePack'
Finished target 'TemplatePack'
Starting target 'TemplateInstallSource'
Finished target 'TemplateInstallSource'
Starting target 'TemplateInstallPackage'
Finished target 'TemplateInstallPackage'
Starting target 'TemplateInstantiate'
Finished target 'TemplateInstantiate'
Starting target 'TemplateSmoke'
Finished target 'TemplateSmoke'
Starting target 'TemplateCheck'
Finished target 'TemplateCheck'
Performance:
 - Cli parsing: 136 milliseconds
 - Packages: 37 milliseconds
 - Script analyzing: 36 milliseconds
 - Script running: 24 seconds
 - Script cleanup: 0 milliseconds
 - Runtime: 24 seconds
