The last restore is still up to date. Nothing left to do.
Starting target 'VerifyPreflight'
Finished target 'VerifyPreflight'
Starting target 'Restore'
Finished target 'Restore'
Starting target 'Test'
Finished target 'Test'
Starting target 'Dev'
Finished target 'Dev'
Starting target 'PackLocal'
Finished target 'PackLocal'
Starting target 'PackageSurfaceCheck'
Finished target 'PackageSurfaceCheck'
Starting target 'FsiTranscripts'
Finished target 'FsiTranscripts'
Starting target 'Build'
Finished target 'Build'
Starting target 'SampleContractSmoke'
Finished target 'SampleContractSmoke'
Starting target 'TemplatePack'
Finished target 'TemplatePack'
Starting target 'TemplateInstallSource'
Finished target 'TemplateInstallSource'
Starting target 'TemplateInstallPackage'
Finished target 'TemplateInstallPackage'
Starting target 'TemplateInstantiate'
Finished target 'TemplateInstantiate'
Starting target 'TemplateSmoke'
Finished target 'TemplateSmoke'
Starting target 'TemplateCheck'
Finished target 'TemplateCheck'
Starting target 'CapabilityCheck'
Finished target 'CapabilityCheck'
Starting target 'SkillCheck'
Finished target 'SkillCheck'
Starting target 'GeneratedProductCheck'
Finished target 'GeneratedProductCheck'
Starting target 'ControlsCatalogCheck'
Finished target 'ControlsCatalogCheck'
Starting target 'ControlsInteractionCheck'
Finished target 'ControlsInteractionCheck'
Starting target 'ControlsRenderingCheck'
Finished target 'ControlsRenderingCheck'
Starting target 'DependencyReport'
Finished target 'DependencyReport'
Starting target 'GeneratedGuidanceCheck'
Finished target 'GeneratedGuidanceCheck'
Starting target 'TemplateDrift'
Finished target 'TemplateDrift'
Starting target 'EvidenceGraph'
Finished target 'EvidenceGraph'
Starting target 'EvidenceAudit'
Finished target 'EvidenceAudit'
Starting target 'Verify'
Finished target 'Verify'
Performance:
 - Cli parsing: 133 milliseconds
 - Packages: 40 milliseconds
 - Script analyzing: 37 milliseconds
 - Script running: 4 minutes, 27 seconds
 - Script cleanup: 0 milliseconds
 - Runtime: 4 minutes, 28 seconds
