
## package/minimal instantiate
$ dotnet new fs-skia-ui --name V2PackageMinimal --output "/home/developer/projects/FS-Skia-UI/artifacts/template-check/009-v3-modular-framework/package-minimal" --allow-scripts yes --profile minimal --rootNamespace V2PackageMinimal --packagePrefix V2PackageMinimal --authors TemplateValidation --repositoryUrl "https://example.invalid/package/minimal/V2PackageMinimal" --targetFramework net10.0 --skipGitInit true
The template "FS Skia UI Governed Project" was created successfully.

Processing post-creation actions...
Running command 'bash -c "find . -type f \( -name '*.sh' -o -name 'fake.sh' \) -exec chmod +x {} +"'...
Command succeeded.



exit-code=0

## package/minimal instantiate
$ dotnet new fs-skia-ui --name V2PackageMinimal --output "/home/developer/projects/FS-Skia-UI/artifacts/template-check/009-v3-modular-framework/package-minimal" --allow-scripts yes --profile minimal --rootNamespace V2PackageMinimal --packagePrefix V2PackageMinimal --authors TemplateValidation --repositoryUrl "https://example.invalid/package/minimal/V2PackageMinimal" --targetFramework net10.0 --skipGitInit true
The template "FS Skia UI Governed Project" was created successfully.

Processing post-creation actions...
Running command 'bash -c "find . -type f \( -name '*.sh' -o -name 'fake.sh' \) -exec chmod +x {} +"'...
Command succeeded.



exit-code=0

## package/minimal instantiate
$ dotnet new fs-skia-ui --name V2PackageMinimal --output "/home/developer/projects/FS-Skia-UI/artifacts/template-check/009-v3-modular-framework/package-minimal" --allow-scripts yes --profile minimal --rootNamespace V2PackageMinimal --packagePrefix V2PackageMinimal --authors TemplateValidation --repositoryUrl "https://example.invalid/package/minimal/V2PackageMinimal" --targetFramework net10.0 --skipGitInit true
The template "FS Skia UI Governed Project" was created successfully.

Processing post-creation actions...
Running command 'bash -c "find . -type f \( -name '*.sh' -o -name 'fake.sh' \) -exec chmod +x {} +"'...
Command succeeded.



exit-code=0

## package/minimal instantiate
$ dotnet new fs-skia-ui --name V2PackageMinimal --output "/home/developer/projects/FS-Skia-UI/artifacts/template-check/009-v3-modular-framework/package-minimal" --allow-scripts yes --profile minimal --rootNamespace V2PackageMinimal --packagePrefix V2PackageMinimal --authors TemplateValidation --repositoryUrl "https://example.invalid/package/minimal/V2PackageMinimal" --targetFramework net10.0 --skipGitInit true
The template "FS Skia UI Governed Project" was created successfully.

Processing post-creation actions...
Running command 'bash -c "find . -type f \( -name '*.sh' -o -name 'fake.sh' \) -exec chmod +x {} +"'...
Command succeeded.



exit-code=0

## package/minimal instantiate
$ dotnet new fs-skia-ui --name V2PackageMinimal --output "/home/developer/projects/FS-Skia-UI/artifacts/template-check/009-v3-modular-framework/package-minimal" --allow-scripts yes --profile minimal --rootNamespace V2PackageMinimal --packagePrefix V2PackageMinimal --authors TemplateValidation --repositoryUrl "https://example.invalid/package/minimal/V2PackageMinimal" --targetFramework net10.0 --skipGitInit true
The template "FS Skia UI Governed Project" was created successfully.

Processing post-creation actions...
Running command 'bash -c "find . -type f \( -name '*.sh' -o -name 'fake.sh' \) -exec chmod +x {} +"'...
Command succeeded.



exit-code=0
