
## source/minimal instantiate
$ dotnet new fs-skia-ui --name V2SourceMinimal --output "/home/developer/projects/FS-Skia-UI/artifacts/template-check/009-v3-modular-framework/source-minimal" --allow-scripts yes --profile minimal --rootNamespace V2SourceMinimal --packagePrefix V2SourceMinimal --authors TemplateValidation --repositoryUrl "https://example.invalid/source/minimal/V2SourceMinimal" --targetFramework net10.0 --skipGitInit true
The template "FS Skia UI Governed Project" was created successfully.

Processing post-creation actions...
Running command 'bash -c "find . -type f \( -name '*.sh' -o -name 'fake.sh' \) -exec chmod +x {} +"'...
Command succeeded.



exit-code=0

## source/minimal instantiate
$ dotnet new fs-skia-ui --name V2SourceMinimal --output "/home/developer/projects/FS-Skia-UI/artifacts/template-check/009-v3-modular-framework/source-minimal" --allow-scripts yes --profile minimal --rootNamespace V2SourceMinimal --packagePrefix V2SourceMinimal --authors TemplateValidation --repositoryUrl "https://example.invalid/source/minimal/V2SourceMinimal" --targetFramework net10.0 --skipGitInit true
The template "FS Skia UI Governed Project" was created successfully.

Processing post-creation actions...
Running command 'bash -c "find . -type f \( -name '*.sh' -o -name 'fake.sh' \) -exec chmod +x {} +"'...
Command succeeded.



exit-code=0

## source/minimal instantiate
$ dotnet new fs-skia-ui --name V2SourceMinimal --output "/home/developer/projects/FS-Skia-UI/artifacts/template-check/009-v3-modular-framework/source-minimal" --allow-scripts yes --profile minimal --rootNamespace V2SourceMinimal --packagePrefix V2SourceMinimal --authors TemplateValidation --repositoryUrl "https://example.invalid/source/minimal/V2SourceMinimal" --targetFramework net10.0 --skipGitInit true
The template "FS Skia UI Governed Project" was created successfully.

Processing post-creation actions...
Running command 'bash -c "find . -type f \( -name '*.sh' -o -name 'fake.sh' \) -exec chmod +x {} +"'...
Command succeeded.



exit-code=0

## source/minimal instantiate
$ dotnet new fs-skia-ui --name V2SourceMinimal --output "/home/developer/projects/FS-Skia-UI/artifacts/template-check/009-v3-modular-framework/source-minimal" --allow-scripts yes --profile minimal --rootNamespace V2SourceMinimal --packagePrefix V2SourceMinimal --authors TemplateValidation --repositoryUrl "https://example.invalid/source/minimal/V2SourceMinimal" --targetFramework net10.0 --skipGitInit true
The template "FS Skia UI Governed Project" was created successfully.

Processing post-creation actions...
Running command 'bash -c "find . -type f \( -name '*.sh' -o -name 'fake.sh' \) -exec chmod +x {} +"'...
Command succeeded.



exit-code=0

## source/minimal instantiate
$ dotnet new fs-skia-ui --name V2SourceMinimal --output "/home/developer/projects/FS-Skia-UI/artifacts/template-check/009-v3-modular-framework/source-minimal" --allow-scripts yes --profile minimal --rootNamespace V2SourceMinimal --packagePrefix V2SourceMinimal --authors TemplateValidation --repositoryUrl "https://example.invalid/source/minimal/V2SourceMinimal" --targetFramework net10.0 --skipGitInit true
The template "FS Skia UI Governed Project" was created successfully.

Processing post-creation actions...
Running command 'bash -c "find . -type f \( -name '*.sh' -o -name 'fake.sh' \) -exec chmod +x {} +"'...
Command succeeded.



exit-code=0
