The last full restore is still up to date. Nothing left to do.
run CapabilityCheck
Building project with version: LocalBuild
Shortened DependencyGraph for Target CapabilityCheck:
<== CapabilityCheck

The running order is:
Group - 1
  - CapabilityCheck
Single target mode ==> Skipping dependencies.
Starting target 'CapabilityCheck'
Finished (Success) 'CapabilityCheck' in 00:00:00.0239114

---------------------------------------------------------------------
Build Time Report
---------------------------------------------------------------------
Target            Duration
------            --------
CapabilityCheck   00:00:00.0221210
Total:            00:00:00.0923270
Status:           Ok
---------------------------------------------------------------------
Hint: The fake-runner has not been updated for at least 6 months. Please consider upgrading to get latest bugfixes, improved suggestions and F# features.
Performance:
 - Cli parsing: 183 milliseconds
 - Packages: 61 milliseconds
 - Script analyzing: 18 milliseconds
 - Script running: 233 milliseconds
 - Script cleanup: 0 milliseconds
 - Runtime: 1 second
