The last full restore is still up to date. Nothing left to do.
run ControlsInteractionCheck
Building project with version: LocalBuild
Shortened DependencyGraph for Target ControlsInteractionCheck:
<== ControlsInteractionCheck

The running order is:
Group - 1
  - ControlsInteractionCheck
Single target mode ==> Skipping dependencies.
Starting target 'ControlsInteractionCheck'
Finished (Success) 'ControlsInteractionCheck' in 00:00:01.5229658

---------------------------------------------------------------------
Build Time Report
---------------------------------------------------------------------
Target                     Duration
------                     --------
ControlsInteractionCheck   00:00:01.5209797
Total:                     00:00:01.5926111
Status:                    Ok
---------------------------------------------------------------------
Hint: The fake-runner has not been updated for at least 6 months. Please consider upgrading to get latest bugfixes, improved suggestions and F# features.
Performance:
 - Cli parsing: 171 milliseconds
 - Packages: 51 milliseconds
 - Script analyzing: 18 milliseconds
 - Script running: 1 second
 - Script cleanup: 0 milliseconds
 - Runtime: 2 seconds
