The last full restore is still up to date. Nothing left to do.
run DependencyReport
Building project with version: LocalBuild
Shortened DependencyGraph for Target DependencyReport:
<== DependencyReport

The running order is:
Group - 1
  - DependencyReport
Single target mode ==> Skipping dependencies.
Starting target 'DependencyReport'
Finished (Success) 'DependencyReport' in 00:00:02.0422424

---------------------------------------------------------------------
Build Time Report
---------------------------------------------------------------------
Target             Duration
------             --------
DependencyReport   00:00:02.0402011
Total:             00:00:02.1094816
Status:            Ok
---------------------------------------------------------------------
Hint: The fake-runner has not been updated for at least 6 months. Please consider upgrading to get latest bugfixes, improved suggestions and F# features.
Performance:
 - Cli parsing: 164 milliseconds
 - Packages: 49 milliseconds
 - Script analyzing: 17 milliseconds
 - Script running: 2 seconds
 - Script cleanup: 0 milliseconds
 - Runtime: 3 seconds
