The last full restore is still up to date. Nothing left to do.
run EvidenceGraph
Building project with version: LocalBuild
Shortened DependencyGraph for Target EvidenceGraph:
<== EvidenceGraph

The running order is:
Group - 1
  - EvidenceGraph
Single target mode ==> Skipping dependencies.
Starting target 'EvidenceGraph'
Finished (Success) 'EvidenceGraph' in 00:00:00.1139156

---------------------------------------------------------------------
Build Time Report
---------------------------------------------------------------------
Target          Duration
------          --------
EvidenceGraph   00:00:00.1117836
Total:          00:00:00.1827191
Status:         Ok
---------------------------------------------------------------------
Hint: The fake-runner has not been updated for at least 6 months. Please consider upgrading to get latest bugfixes, improved suggestions and F# features.
Performance:
 - Cli parsing: 165 milliseconds
 - Packages: 51 milliseconds
 - Script analyzing: 18 milliseconds
 - Script running: 314 milliseconds
 - Script cleanup: 0 milliseconds
 - Runtime: 1 second
