The last full restore is still up to date. Nothing left to do.
run GeneratedGuidanceCheck
Building project with version: LocalBuild
Shortened DependencyGraph for Target GeneratedGuidanceCheck:
<== GeneratedGuidanceCheck

The running order is:
Group - 1
  - GeneratedGuidanceCheck
Single target mode ==> Skipping dependencies.
Starting target 'GeneratedGuidanceCheck'
Finished (Success) 'GeneratedGuidanceCheck' in 00:00:00.0393310

---------------------------------------------------------------------
Build Time Report
---------------------------------------------------------------------
Target                   Duration
------                   --------
GeneratedGuidanceCheck   00:00:00.0375292
Total:                   00:00:00.1052201
Status:                  Ok
---------------------------------------------------------------------
Hint: The fake-runner has not been updated for at least 6 months. Please consider upgrading to get latest bugfixes, improved suggestions and F# features.
Performance:
 - Cli parsing: 162 milliseconds
 - Packages: 50 milliseconds
 - Script analyzing: 18 milliseconds
 - Script running: 236 milliseconds
 - Script cleanup: 0 milliseconds
 - Runtime: 1 second
