The last full restore is still up to date. Nothing left to do.
run PackLocal
Building project with version: LocalBuild
Shortened DependencyGraph for Target PackLocal:
<== PackLocal

The running order is:
Group - 1
  - PackLocal
Single target mode ==> Skipping dependencies.
Starting target 'PackLocal'
Finished (Success) 'PackLocal' in 00:00:18.1002750

---------------------------------------------------------------------
Build Time Report
---------------------------------------------------------------------
Target      Duration
------      --------
PackLocal   00:00:18.0982046
Total:      00:00:18.1715518
Status:     Ok
---------------------------------------------------------------------
Hint: The fake-runner has not been updated for at least 6 months. Please consider upgrading to get latest bugfixes, improved suggestions and F# features.
Performance:
 - Cli parsing: 169 milliseconds
 - Packages: 51 milliseconds
 - Script analyzing: 18 milliseconds
 - Script running: 18 seconds
 - Script cleanup: 0 milliseconds
 - Runtime: 19 seconds
