The last full restore is still up to date. Nothing left to do.
run PackageSurfaceCheck
Building project with version: LocalBuild
Shortened DependencyGraph for Target PackageSurfaceCheck:
<== PackageSurfaceCheck

The running order is:
Group - 1
  - PackageSurfaceCheck
Single target mode ==> Skipping dependencies.
Starting target 'PackageSurfaceCheck'
Finished (Success) 'PackageSurfaceCheck' in 00:00:01.4933089

---------------------------------------------------------------------
Build Time Report
---------------------------------------------------------------------
Target                Duration
------                --------
PackageSurfaceCheck   00:00:01.4911506
Total:                00:00:01.5608762
Status:               Ok
---------------------------------------------------------------------
Hint: The fake-runner has not been updated for at least 6 months. Please consider upgrading to get latest bugfixes, improved suggestions and F# features.
Performance:
 - Cli parsing: 164 milliseconds
 - Packages: 50 milliseconds
 - Script analyzing: 18 milliseconds
 - Script running: 1 second
 - Script cleanup: 0 milliseconds
 - Runtime: 2 seconds
