The last full restore is still up to date. Nothing left to do.
run SampleContractSmoke
Building project with version: LocalBuild
Shortened DependencyGraph for Target SampleContractSmoke:
<== SampleContractSmoke
   <== Build
      <== Restore

The running order is:
Group - 1
  - Restore
Group - 2
  - Build
Group - 3
  - SampleContractSmoke
Single target mode ==> Skipping dependencies.
Starting target 'SampleContractSmoke'
Finished (Success) 'SampleContractSmoke' in 00:00:09.0883348

---------------------------------------------------------------------
Build Time Report
---------------------------------------------------------------------
Target                Duration
------                --------
SampleContractSmoke   00:00:09.0859940
Total:                00:00:09.1605035
Status:               Ok
---------------------------------------------------------------------
Hint: The fake-runner has not been updated for at least 6 months. Please consider upgrading to get latest bugfixes, improved suggestions and F# features.
Performance:
 - Cli parsing: 168 milliseconds
 - Packages: 52 milliseconds
 - Script analyzing: 17 milliseconds
 - Script running: 9 seconds
 - Script cleanup: 0 milliseconds
 - Runtime: 10 seconds
