The last full restore is still up to date. Nothing left to do.
run TargetMetadata
Building project with version: LocalBuild
Shortened DependencyGraph for Target TargetMetadata:
<== TargetMetadata

The running order is:
Group - 1
  - TargetMetadata
Single target mode ==> Skipping dependencies.
Starting target 'TargetMetadata'
Finished (Success) 'TargetMetadata' in 00:00:00.0160187

---------------------------------------------------------------------
Build Time Report
---------------------------------------------------------------------
Target           Duration
------           --------
TargetMetadata   00:00:00.0140542
Total:           00:00:00.0858406
Status:          Ok
---------------------------------------------------------------------
Hint: The fake-runner has not been updated for at least 6 months. Please consider upgrading to get latest bugfixes, improved suggestions and F# features.
Performance:
 - Cli parsing: 169 milliseconds
 - Packages: 50 milliseconds
 - Script analyzing: 19 milliseconds
 - Script running: 225 milliseconds
 - Script cleanup: 0 milliseconds
 - Runtime: 1 second
