The last full restore is still up to date. Nothing left to do.
run TargetMetadataDrift
Building project with version: LocalBuild
Shortened DependencyGraph for Target TargetMetadataDrift:
<== TargetMetadataDrift
   <== TargetMetadata

The running order is:
Group - 1
  - TargetMetadata
Group - 2
  - TargetMetadataDrift
Single target mode ==> Skipping dependencies.
Starting target 'TargetMetadataDrift'
Finished (Success) 'TargetMetadataDrift' in 00:00:00.0250389

---------------------------------------------------------------------
Build Time Report
---------------------------------------------------------------------
Target                Duration
------                --------
TargetMetadataDrift   00:00:00.0228742
Total:                00:00:00.1000717
Status:               Ok
---------------------------------------------------------------------
Hint: The fake-runner has not been updated for at least 6 months. Please consider upgrading to get latest bugfixes, improved suggestions and F# features.
Performance:
 - Cli parsing: 192 milliseconds
 - Packages: 61 milliseconds
 - Script analyzing: 23 milliseconds
 - Script running: 250 milliseconds
 - Script cleanup: 0 milliseconds
 - Runtime: 1 second
