The last full restore is still up to date. Nothing left to do.
run TemplatePack
Building project with version: LocalBuild
Shortened DependencyGraph for Target TemplatePack:
<== TemplatePack

The running order is:
Group - 1
  - TemplatePack
Single target mode ==> Skipping dependencies.
Starting target 'TemplatePack'
Finished (Success) 'TemplatePack' in 00:00:01.6171149

---------------------------------------------------------------------
Build Time Report
---------------------------------------------------------------------
Target         Duration
------         --------
TemplatePack   00:00:01.6152879
Total:         00:00:01.6821238
Status:        Ok
---------------------------------------------------------------------
Hint: The fake-runner has not been updated for at least 6 months. Please consider upgrading to get latest bugfixes, improved suggestions and F# features.
Performance:
 - Cli parsing: 163 milliseconds
 - Packages: 50 milliseconds
 - Script analyzing: 17 milliseconds
 - Script running: 1 second
 - Script cleanup: 0 milliseconds
 - Runtime: 2 seconds
