The last full restore is still up to date. Nothing left to do.
run VerifyPreflight
Building project with version: LocalBuild
Shortened DependencyGraph for Target VerifyPreflight:
<== VerifyPreflight

The running order is:
Group - 1
  - VerifyPreflight
Single target mode ==> Skipping dependencies.
Starting target 'VerifyPreflight'
Finished (Success) 'VerifyPreflight' in 00:00:00.8262359

---------------------------------------------------------------------
Build Time Report
---------------------------------------------------------------------
Target            Duration
------            --------
VerifyPreflight   00:00:00.8241291
Total:            00:00:00.9022249
Status:           Ok
---------------------------------------------------------------------
Hint: The fake-runner has not been updated for at least 6 months. Please consider upgrading to get latest bugfixes, improved suggestions and F# features.
Performance:
 - Cli parsing: 167 milliseconds
 - Packages: 51 milliseconds
 - Script analyzing: 21 milliseconds
 - Script running: 1 second
 - Script cleanup: 0 milliseconds
 - Runtime: 1 second
