=== speckit.evidence.audit ===
feature: /home/developer/projects/FS-Skia-UI/specs/016-persistent-viewer-contract/readiness/audit-rejections/missing-persistent-fields

[1/3] Computing task graph...
task-graph: 1 tasks parsed
  wrote /home/developer/projects/FS-Skia-UI/specs/016-persistent-viewer-contract/readiness/audit-rejections/missing-persistent-fields/readiness/task-graph.json
  wrote /home/developer/projects/FS-Skia-UI/specs/016-persistent-viewer-contract/readiness/audit-rejections/missing-persistent-fields/readiness/task-graph.md
  status: 1[X]

[2/3] Readiness contract scan...
  readiness-contract: 0 blocking

[2b/3] Persistent launch evidence scan...
    [BLOCK] supported-host-persistent-launch.txt (missing persistent launch fields) missing=blocked-stage,classification,category,message
    [BLOCK] /home/developer/projects/FS-Skia-UI/specs/016-persistent-viewer-contract/readiness/audit-rejections/missing-persistent-fields/readiness/supported-host-persistent-launch.txt (missing supported-host persistent launch evidence)
  persistent-launch: 2 blocking

[3/3] Diff scan against feature base...
  diff-scan: 0 blocking, 0 advisory

=== Verdict ===
✗ NEEDS-EVIDENCE
  synthetic tasks (declared):     0
  auto-synthetic tasks (computed): 0
  persistent launch hits:          2

  To override, rerun with:  --accept-synthetic "justification"
