
## template package
$ dotnet pack .template.package/FS.Skia.UI.Template.fsproj -c Release -o "/home/developer/projects/FS-Skia-UI/artifacts/templates"
  Determining projects to restore...
  Restored /home/developer/projects/FS-Skia-UI/.template.package/FS.Skia.UI.Template.fsproj (in 225 ms).
  FS.Skia.UI.Template -> /home/developer/projects/FS-Skia-UI/.template.package/bin/Release/net10.0/FS.Skia.UI.Template.dll
  The package FS.Skia.UI.Template.0.1.49-preview.1 is missing a readme. Go to https://aka.ms/nuget/authoring-best-practices/readme to learn why package readmes are important.
  Successfully created package '/home/developer/projects/FS-Skia-UI/artifacts/templates/FS.Skia.UI.Template.0.1.49-preview.1.nupkg'.

exit-code=0

## template package
$ dotnet pack .template.package/FS.Skia.UI.Template.fsproj -c Release -o "/home/developer/projects/FS-Skia-UI/artifacts/templates"
  Determining projects to restore...
  All projects are up-to-date for restore.
  FS.Skia.UI.Template -> /home/developer/projects/FS-Skia-UI/.template.package/bin/Release/net10.0/FS.Skia.UI.Template.dll

exit-code=0

## template package
$ dotnet pack .template.package/FS.Skia.UI.Template.fsproj -c Release -o "/home/developer/projects/FS-Skia-UI/artifacts/templates"
  Determining projects to restore...
  Restored /home/developer/projects/FS-Skia-UI/.template.package/FS.Skia.UI.Template.fsproj (in 236 ms).
  FS.Skia.UI.Template -> /home/developer/projects/FS-Skia-UI/.template.package/bin/Release/net10.0/FS.Skia.UI.Template.dll
  The package FS.Skia.UI.Template.0.1.50-preview.1 is missing a readme. Go to https://aka.ms/nuget/authoring-best-practices/readme to learn why package readmes are important.
  Successfully created package '/home/developer/projects/FS-Skia-UI/artifacts/templates/FS.Skia.UI.Template.0.1.50-preview.1.nupkg'.

exit-code=0
