The last restore is still up to date. Nothing left to do.
Could not load types of compiled script:
 - Could not load file or assembly 'netstandard, Version=2.0.0.0, Culture=neutral, PublicKeyToken=cc7b13ffcd2ddd51'. General Exception (0x80131500)
Starting target 'VerifyPreflight'
Finished target 'VerifyPreflight'
Starting target 'Restore'
Finished target 'Restore'
Starting target 'Test'
Finished target 'Test'
Starting target 'Dev'
Finished target 'Dev'
Starting target 'PackLocal'
Finished target 'PackLocal'
Starting target 'PackageSurfaceCheck'
Finished target 'PackageSurfaceCheck'
Starting target 'FsiTranscripts'
Finished target 'FsiTranscripts'
Starting target 'Build'
Finished target 'Build'
Starting target 'SampleContractSmoke'
Finished target 'SampleContractSmoke'
Starting target 'TemplatePack'
Finished target 'TemplatePack'
Starting target 'TemplateInstallSource'
Finished target 'TemplateInstallSource'
Starting target 'TemplateInstallPackage'
Finished target 'TemplateInstallPackage'
Starting target 'TemplateInstantiate'
Finished target 'TemplateInstantiate'
Starting target 'TemplateSmoke'
Finished target 'TemplateSmoke'
Starting target 'TemplateCheck'
Finished target 'TemplateCheck'
Starting target 'CapabilityCheck'
Finished target 'CapabilityCheck'
Starting target 'SkillCheck'
Finished target 'SkillCheck'
Starting target 'GeneratedProductCheck'
Finished target 'GeneratedProductCheck'
Starting target 'ControlsCatalogCheck'
Finished target 'ControlsCatalogCheck'
Starting target 'ControlsInteractionCheck'
Finished target 'ControlsInteractionCheck'
Starting target 'ControlsRenderingCheck'
Finished target 'ControlsRenderingCheck'
Starting target 'DependencyReport'
Finished target 'DependencyReport'
Starting target 'GeneratedGuidanceCheck'
Finished target 'GeneratedGuidanceCheck'
Starting target 'TemplateDrift'
Finished target 'TemplateDrift'
Starting target 'EvidenceGraph'
Finished target 'EvidenceGraph'
Starting target 'EvidenceAudit'
Script reported an error:
-> speckit evidence audit failed with exit code 2. See /home/developer/projects/FS-Skia-UI/specs/025-upgrade-skia-speckit/readiness/logs/evidence-audit.txt
Hint: To further diagnose the problem you can run fake in verbose mode `fake -v run ...` or set the 'FAKE_DETAILED_ERRORS' environment variable to 'true'
Warning: The fake-runner has not been updated for at least 12 months. Please consider upgrading to get latest bugfixes, improved suggestions and F# features.
Performance:
 - Cli parsing: 150 milliseconds
 - Packages: 41 milliseconds
 - Script analyzing: 42 milliseconds
 - Script running: 4 minutes, 47 seconds
 - Script cleanup: 0 milliseconds
 - Runtime: 4 minutes, 48 seconds
